data/history/5873954476.csv
time,date,itemid,price,discount,price_before_discount,stock,sold,item_status,cmt_count,liked_count
1646220843,20220302,5873954476,2369000000000,18%,2899000000000,122,139,normal,729,5256
1646225691,20220302,5873954476,2369000000000,18%,2899000000000,121,139,normal,729,5256
1646228203,20220302,5873954476,2369000000000,18%,2899000000000,121,139,normal,729,5257
1646233940,20220302,5873954476,2369000000000,18%,2899000000000,120,139,normal,730,5262
1646235749,20220302,5873954476,2369000000000,18%,2899000000000,120,139,normal,731,5264
1646237840,20220302,5873954476,2369000000000,18%,2899000000000,119,139,normal,731,5268
1646239947,20220302,5873954476,2369000000000,18%,2899000000000,119,139,normal,732,5278
1646242596,20220302,5873954476,2369000000000,18%,2899000000000,100,139,normal,733,5285
1646245081,20220302,5873954476,2369000000000,18%,2899000000000,92,139,normal,733,5289
1646246501,20220302,5873954476,2369000000000,18%,2899000000000,89,139,normal,733,5290
1646248208,20220302,5873954476,2369000000000,18%,2899000000000,89,139,normal,733,5289
1646253347,20220302,5873954476,2369000000000,18%,2899000000000,89,139,normal,733,5290
1646256868,20220302,5873954476,2369000000000,18%,2899000000000,89,139,normal,733,5291
1646262688,20220302,5873954476,2369000000000,18%,2899000000000,89,139,normal,733,5292
1646264176,20220302,5873954476,2369000000000,18%,2899000000000,88,139,normal,733,5292
1646268575,20220303,5873954476,2369000000000,18%,2899000000000,86,139,normal,733,5295
1646276208,20220303,5873954476,2369000000000,18%,2899000000000,83,139,normal,733,5304
1646277411,20220303,5873954476,2369000000000,18%,2899000000000,84,139,normal,733,5304
1646278739,20220303,5873954476,2369000000000,18%,2899000000000,85,139,normal,734,5304
1646280867,20220303,5873954476,2369000000000,18%,2899000000000,84,139,normal,734,5305
1646282697,20220303,5873954476,2369000000000,18%,2899000000000,85,139,normal,734,5306
1646285639,20220303,5873954476,2369000000000,18%,2899000000000,86,139,normal,735,5310
1646288050,20220303,5873954476,2369000000000,18%,2899000000000,89,139,normal,735,5311
1646289796,20220303,5873954476,2369000000000,18%,2899000000000,90,139,normal,736,5312
1646291460,20220303,5873954476,2369000000000,18%,2899000000000,92,139,normal,737,5312
1646367263,20220304,5873954476,2369000000000,18%,2899000000000,136,139,normal,741,5311
1646369099,20220304,5873954476,2369000000000,18%,2899000000000,136,139,normal,741,5312
1646374449,20220304,5873954476,2369000000000,18%,2899000000000,138,139,normal,741,5312
1646377857,20220304,5873954476,2369000000000,18%,2899000000000,137,139,normal,741,5312
1646381626,20220304,5873954476,2369000000000,18%,2899000000000,133,139,normal,741,5313
1646386597,20220304,5873954476,2369000000000,18%,2899000000000,121,139,normal,741,5313
1646388749,20220304,5873954476,2369000000000,18%,2899000000000,121,139,normal,741,5316
1646392160,20220304,5873954476,2369000000000,18%,2899000000000,121,139,normal,741,5317
1646393641,20220304,5873954476,2369000000000,18%,2899000000000,119,139,normal,741,5317
1646396364,20220304,5873954476,2369000000000,18%,2899000000000,119,139,normal,742,5316
1646400999,20220304,5873954476,2369000000000,18%,2899000000000,119,139,normal,742,5317
1646406800,20220304,5873954476,2369000000000,18%,2899000000000,119,139,normal,742,5319
1646408543,20220304,5873954476,2369000000000,18%,2899000000000,120,139,normal,742,5319
1646410617,20220304,5873954476,2369000000000,18%,2899000000000,120,139,normal,742,5320
1646412747,20220304,5873954476,2369000000000,18%,2899000000000,121,139,normal,743,5320
1646413977,20220304,5873954476,2369000000000,18%,2899000000000,121,139,normal,743,5319
1646417618,20220304,5873954476,2369000000000,18%,2899000000000,121,139,normal,743,5322
1646428264,20220304,5873954476,2369000000000,18%,2899000000000,121,139,normal,743,5323
1646441352,20220305,5873954476,2369000000000,18%,2899000000000,120,139,normal,744,5322
1646445884,20220305,5873954476,2369000000000,18%,2899000000000,120,139,normal,744,5323
1646448623,20220305,5873954476,2369000000000,18%,2899000000000,120,139,normal,746,5323
1646449880,20220305,5873954476,2369000000000,18%,2899000000000,120,139,normal,746,5324
1646451425,20220305,5873954476,2369000000000,18%,2899000000000,120,139,normal,747,5324
1646453638,20220305,5873954476,2369000000000,18%,2899000000000,120,139,normal,749,5324
1646458461,20220305,5873954476,2369000000000,18%,2899000000000,120,139,normal,749,5325
1646460812,20220305,5873954476,2369000000000,18%,2899000000000,120,139,normal,750,5326
1646462525,20220305,5873954476,2369000000000,18%,2899000000000,120,139,normal,751,5327
1646464293,20220305,5873954476,2369000000000,18%,2899000000000,120,139,normal,751,5326
1646465627,20220305,5873954476,2369000000000,18%,2899000000000,121,139,normal,751,5326
1646469520,20220305,5873954476,2369000000000,18%,2899000000000,121,139,normal,751,5327
1646475097,20220305,5873954476,2369000000000,18%,2899000000000,120,139,normal,751,5328
1646478602,20220305,5873954476,2369000000000,18%,2899000000000,120,139,normal,751,5329
1646482628,20220305,5873954476,2369000000000,18%,2899000000000,120,139,normal,751,5332
1646484707,20220305,5873954476,2369000000000,18%,2899000000000,120,139,normal,752,5332
1646487291,20220305,5873954476,2369000000000,18%,2899000000000,120,139,normal,752,5333
1646489454,20220305,5873954476,2369000000000,18%,2899000000000,120,139,normal,752,5332
1646490863,20220305,5873954476,2369000000000,18%,2899000000000,120,139,normal,753,5332
1646494674,20220305,5873954476,2369000000000,18%,2899000000000,120,139,normal,754,5332
1646496869,20220305,5873954476,2369000000000,18%,2899000000000,120,139,normal,754,5334
1646499009,20220305,5873954476,2369000000000,18%,2899000000000,119,139,normal,754,5334
1646505604,20220305,5873954476,2369000000000,18%,2899000000000,119,139,normal,754,5335
1646511067,20220305,5873954476,2369000000000,18%,2899000000000,119,139,normal,754,5337
1646518255,20220305,5873954476,2369000000000,18%,2899000000000,120,139,normal,754,5337
1646521841,20220305,5873954476,2369000000000,18%,2899000000000,120,139,normal,754,5338
1646523311,20220305,5873954476,2369000000000,18%,2899000000000,120,139,normal,754,5337
1646527593,20220306,5873954476,2369000000000,18%,2899000000000,119,139,normal,754,5337
1646534915,20220306,5873954476,2369000000000,18%,2899000000000,119,139,normal,754,5339
1646536302,20220306,5873954476,2369000000000,18%,2899000000000,118,139,normal,754,5339
1646537834,20220306,5873954476,2369000000000,18%,2899000000000,118,139,normal,754,5338
1646540045,20220306,5873954476,2369000000000,18%,2899000000000,117,139,normal,754,5339
1646541869,20220306,5873954476,2369000000000,18%,2899000000000,117,139,normal,754,5340
1646543423,20220306,5873954476,2360000000000,19%,2899000000000,11,139,normal,754,5340
1646544852,20220306,5873954476,2360000000000,19%,2899000000000,9,139,normal,754,5341
1646547204,20220306,5873954476,2360000000000,19%,2899000000000,9,139,normal,754,5342
1646548908,20220306,5873954476,2360000000000,19%,2899000000000,8,139,normal,755,5342
1646552025,20220306,5873954476,2360000000000,19%,2899000000000,7,139,normal,755,5343
1646554394,20220306,5873954476,2369000000000,18%,2899000000000,124,139,normal,755,5344
1646557832,20220306,5873954476,2369000000000,18%,2899000000000,124,139,normal,755,5345
1646563025,20220306,5873954476,2369000000000,18%,2899000000000,123,139,normal,755,5345
1646564943,20220306,5873954476,2369000000000,18%,2899000000000,122,139,normal,755,5345
1646566474,20220306,5873954476,2369000000000,18%,2899000000000,122,139,normal,755,5346
1646575784,20220306,5873954476,2369000000000,18%,2899000000000,122,139,normal,755,5347
1646588120,20220306,5873954476,2369000000000,18%,2899000000000,121,139,normal,755,5347
1646590363,20220306,5873954476,2369000000000,18%,2899000000000,121,139,normal,755,5346
1646591997,20220306,5873954476,2369000000000,18%,2899000000000,121,139,normal,755,5347
1646614031,20220307,5873954476,2369000000000,18%,2899000000000,120,139,normal,755,5347
1646618891,20220307,5873954476,2369000000000,18%,2899000000000,120,139,normal,755,5349
1646621551,20220307,5873954476,2369000000000,18%,2899000000000,120,139,normal,755,5352
1646624295,20220307,5873954476,2369000000000,18%,2899000000000,120,139,normal,755,5353
1646628311,20220307,5873954476,2369000000000,18%,2899000000000,120,139,normal,756,5354
1646629862,20220307,5873954476,2360000000000,19%,2899000000000,10,139,normal,756,5355
1646631241,20220307,5873954476,2360000000000,19%,2899000000000,9,139,normal,757,5356
1646633683,20220307,5873954476,2360000000000,19%,2899000000000,9,139,normal,757,5358
1646637113,20220307,5873954476,2360000000000,19%,2899000000000,9,139,normal,757,5359
1646640998,20220307,5873954476,2369000000000,18%,2899000000000,118,139,normal,757,5359
1646644364,20220307,5873954476,2369000000000,18%,2899000000000,118,139,normal,757,5358
1646647986,20220307,5873954476,2369000000000,18%,2899000000000,118,139,normal,757,5365
1646649524,20220307,5873954476,2369000000000,18%,2899000000000,118,139,normal,757,5366
1646651532,20220307,5873954476,2369000000000,18%,2899000000000,118,139,normal,757,5367
1646657695,20220307,5873954476,2369000000000,18%,2899000000000,119,139,normal,757,5368
1646659040,20220307,5873954476,2369000000000,18%,2899000000000,118,139,normal,757,5367
1646660285,20220307,5873954476,2369000000000,18%,2899000000000,118,139,normal,757,5368
1646662295,20220307,5873954476,2369000000000,18%,2899000000000,118,139,normal,757,5369
1646667582,20220307,5873954476,2369000000000,18%,2899000000000,118,139,normal,757,5368
1646672387,20220307,5873954476,2369000000000,18%,2899000000000,118,139,normal,757,5369
1646673507,20220307,5873954476,2369000000000,18%,2899000000000,118,139,normal,757,5370
1646677027,20220307,5873954476,2369000000000,18%,2899000000000,118,139,normal,757,5369
1646680312,20220307,5873954476,2369000000000,18%,2899000000000,118,139,normal,757,5370
1646681660,20220307,5873954476,2369000000000,18%,2899000000000,118,139,normal,757,5371
1646685414,20220307,5873954476,2369000000000,18%,2899000000000,118,139,normal,757,5372
1646687553,20220307,5873954476,2369000000000,18%,2899000000000,118,139,normal,757,5374
1646689051,20220307,5873954476,2369000000000,18%,2899000000000,118,139,normal,757,5375
1646696169,20220307,5873954476,2369000000000,18%,2899000000000,117,139,normal,757,5375
1646700315,20220308,5873954476,2369000000000,18%,2899000000000,117,139,normal,757,5376
1646705177,20220308,5873954476,2369000000000,18%,2899000000000,117,139,normal,757,5375
1646707741,20220308,5873954476,2369000000000,18%,2899000000000,117,139,normal,757,5376
1646709106,20220308,5873954476,2369000000000,18%,2899000000000,117,139,normal,757,5377
1646710659,20220308,5873954476,2369000000000,18%,2899000000000,118,139,normal,757,5379
1646714737,20220308,5873954476,2369000000000,18%,2899000000000,118,139,normal,759,5379
1646720051,20220308,5873954476,2319900000000,20%,2899000000000,20,139,normal,759,5379
1646721782,20220308,5873954476,2319900000000,20%,2899000000000,19,139,normal,759,5380
1646727262,20220308,5873954476,2369000000000,18%,2899000000000,128,139,normal,759,5381
1646730764,20220308,5873954476,2369000000000,18%,2899000000000,128,139,normal,759,5382
1646732240,20220308,5873954476,2369000000000,18%,2899000000000,110,139,normal,759,5382
1646736085,20220308,5873954476,2369000000000,18%,2899000000000,110,139,normal,759,5383
1646741940,20220308,5873954476,2369000000000,18%,2899000000000,110,139,normal,759,5385
1646745577,20220308,5873954476,2369000000000,18%,2899000000000,109,139,normal,759,5385
1646748795,20220308,5873954476,2369000000000,18%,2899000000000,109,139,normal,759,5386
1646753971,20220308,5873954476,2369000000000,18%,2899000000000,109,139,normal,760,5386
1646758408,20220308,5873954476,2369000000000,18%,2899000000000,109,139,normal,760,5388
1646759606,20220308,5873954476,2369000000000,18%,2899000000000,109,139,normal,760,5389
1646763254,20220308,5873954476,2369000000000,18%,2899000000000,109,139,normal,760,5390
1646764891,20220308,5873954476,2369000000000,18%,2899000000000,109,139,normal,761,5391
1646766594,20220308,5873954476,2369000000000,18%,2899000000000,18,139,normal,761,5390
1646768059,20220308,5873954476,2369000000000,18%,2899000000000,17,139,normal,761,5390
1646770361,20220308,5873954476,2369000000000,18%,2899000000000,17,139,normal,761,5391
1646772015,20220308,5873954476,2369000000000,18%,2899000000000,17,139,normal,761,5392
1646773806,20220308,5873954476,2369000000000,18%,2899000000000,126,139,normal,761,5393
1646775304,20220308,5873954476,2369000000000,18%,2899000000000,126,139,normal,761,5394
1646781084,20220308,5873954476,2369000000000,18%,2899000000000,126,139,normal,761,5395
1646786806,20220309,5873954476,2369000000000,18%,2899000000000,126,139,normal,761,5395
1646791829,20220309,5873954476,2369000000000,18%,2899000000000,126,139,normal,761,5398
1646794403,20220309,5873954476,2369000000000,18%,2899000000000,126,139,normal,762,5398
1646795534,20220309,5873954476,2369000000000,18%,2899000000000,126,139,normal,762,5399
1646797079,20220309,5873954476,2369000000000,18%,2899000000000,126,139,normal,762,5398
1646799274,20220309,5873954476,2369000000000,18%,2899000000000,126,139,normal,762,5399
1646802689,20220309,5873954476,2369000000000,18%,2899000000000,126,139,normal,762,5400
1646804070,20220309,5873954476,2369000000000,18%,2899000000000,126,139,normal,762,5403
1646806467,20220309,5873954476,2369000000000,18%,2899000000000,125,139,normal,762,5403
1646808187,20220309,5873954476,2369000000000,18%,2899000000000,102,139,normal,762,5403
1646809879,20220309,5873954476,2369000000000,18%,2899000000000,101,139,normal,762,5404
1646811261,20220309,5873954476,2369000000000,18%,2899000000000,101,139,normal,762,5406
1646813638,20220309,5873954476,2369000000000,18%,2899000000000,102,139,normal,762,5407
1646815291,20220309,5873954476,2369000000000,18%,2899000000000,87,139,normal,762,5407
1646817339,20220309,5873954476,2450000000000,15%,2899000000000,87,139,normal,762,5408
1646818649,20220309,5873954476,2450000000000,15%,2899000000000,91,139,normal,762,5408
1646821049,20220309,5873954476,2450000000000,15%,2899000000000,91,139,normal,762,5409
1646824466,20220309,5873954476,2450000000000,15%,2899000000000,91,139,normal,762,5410
1646825911,20220309,5873954476,2450000000000,15%,2899000000000,91,139,normal,762,5411
1646830806,20220309,5873954476,2450000000000,15%,2899000000000,91,139,normal,762,5413
1646835340,20220309,5873954476,2450000000000,15%,2899000000000,91,139,normal,762,5412
1646842629,20220309,5873954476,2450000000000,15%,2899000000000,91,139,normal,762,5414
1646844783,20220309,5873954476,2450000000000,15%,2899000000000,91,139,normal,762,5413
1646846250,20220309,5873954476,2450000000000,15%,2899000000000,91,139,normal,762,5415
1646847430,20220309,5873954476,2369000000000,18%,2899000000000,20,139,normal,762,5416
1646849915,20220309,5873954476,2450000000000,15%,2899000000000,105,139,normal,762,5416
1646852985,20220309,5873954476,2450000000000,15%,2899000000000,105,139,normal,762,5415
1646858188,20220309,5873954476,2450000000000,15%,2899000000000,105,139,normal,762,5414
1646868981,20220309,5873954476,2450000000000,15%,2899000000000,105,139,normal,762,5413
1646873447,20220310,5873954476,2450000000000,15%,2899000000000,105,139,normal,763,5414
1646878621,20220310,5873954476,2450000000000,15%,2899000000000,104,139,normal,763,5414
1646881200,20220310,5873954476,2450000000000,15%,2899000000000,104,139,normal,763,5416
1646883690,20220310,5873954476,2450000000000,15%,2899000000000,104,139,normal,763,5417
1646887538,20220310,5873954476,2450000000000,15%,2899000000000,103,139,normal,763,5417
1646890446,20220310,5873954476,2450000000000,15%,2899000000000,103,139,normal,763,5420
1646892844,20220310,5873954476,2450000000000,15%,2899000000000,105,139,normal,763,5421
1646900044,20220310,5873954476,2450000000000,15%,2899000000000,93,139,normal,763,5422
1646903625,20220310,5873954476,2450000000000,15%,2899000000000,93,139,normal,763,5423
1646905042,20220310,5873954476,2450000000000,15%,2899000000000,93,139,normal,764,5423
1646910737,20220310,5873954476,2450000000000,15%,2899000000000,93,139,normal,764,5425
1646912212,20220310,5873954476,2450000000000,15%,2899000000000,93,139,normal,764,5426
1646921733,20220310,5873954476,2450000000000,15%,2899000000000,93,139,normal,764,5427
1646923173,20220310,5873954476,2450000000000,15%,2899000000000,93,139,normal,764,5428
1646925454,20220310,5873954476,2450000000000,15%,2899000000000,93,139,normal,764,5427
1646927096,20220310,5873954476,2450000000000,15%,2899000000000,93,139,normal,764,5428
1646931458,20220310,5873954476,2450000000000,15%,2899000000000,93,139,normal,764,5429
1646959905,20220311,5873954476,2450000000000,15%,2899000000000,93,139,normal,764,5431
1646964776,20220311,5873954476,2450000000000,15%,2899000000000,93,139,normal,765,5432
1646969879,20220311,5873954476,2450000000000,15%,2899000000000,93,139,normal,765,5433
1646973974,20220311,5873954476,2450000000000,15%,2899000000000,98,139,normal,765,5435
1646975439,20220311,5873954476,2369000000000,18%,2899000000000,20,139,normal,765,5435
1646979317,20220311,5873954476,2450000000000,15%,2899000000000,110,139,normal,765,5436
1646981016,20220311,5873954476,2450000000000,15%,2899000000000,111,139,normal,765,5436
1646982678,20220311,5873954476,2450000000000,15%,2899000000000,111,139,normal,765,5439
1646984057,20220311,5873954476,2450000000000,15%,2899000000000,111,139,normal,765,5440
1646986454,20220311,5873954476,2450000000000,15%,2899000000000,110,139,normal,765,5442
1646988024,20220311,5873954476,2450000000000,15%,2899000000000,110,139,normal,766,5443
1646990184,20220311,5873954476,2450000000000,15%,2899000000000,111,139,normal,766,5443
1646991690,20220311,5873954476,2450000000000,15%,2899000000000,113,139,normal,766,5443
1646996997,20220311,5873954476,2450000000000,15%,2899000000000,113,139,normal,766,5445
1647003291,20220311,5873954476,2450000000000,15%,2899000000000,113,139,normal,766,5447
