data/history/5873954476.csv
time,date,itemid,price,discount,price_before_discount,stock,sold,item_status,cmt_count,liked_count
1647004642,20220311,5873954476,2450000000000,15%,2899000000000,113,139,normal,766,5448
1647008130,20220311,5873954476,2450000000000,15%,2899000000000,113,139,normal,766,5447
1647011794,20220311,5873954476,2450000000000,15%,2899000000000,113,139,normal,766,5448
1647015688,20220311,5873954476,2450000000000,15%,2899000000000,113,139,normal,766,5447
1647040285,20220311,5873954476,2450000000000,15%,2899000000000,112,139,normal,766,5447
1647045854,20220312,5873954476,2450000000000,15%,2899000000000,112,139,normal,766,5447
1647052462,20220312,5873954476,2450000000000,15%,2899000000000,112,139,normal,766,5446
1647056252,20220312,5873954476,2450000000000,15%,2899000000000,111,139,normal,766,5447
1647058506,20220312,5873954476,2450000000000,15%,2899000000000,112,139,normal,766,5447
1647060356,20220312,5873954476,2450000000000,15%,2899000000000,112,139,normal,768,5446
1647061804,20220312,5873954476,2450000000000,15%,2899000000000,113,139,normal,768,5446
1647072808,20220312,5873954476,2450000000000,15%,2899000000000,113,139,normal,768,5445
1647076298,20220312,5873954476,2450000000000,15%,2899000000000,113,139,normal,768,5446
1647079931,20220312,5873954476,2450000000000,15%,2899000000000,113,139,normal,768,5444
1647087458,20220312,5873954476,2450000000000,15%,2899000000000,113,139,normal,769,5446
1647089546,20220312,5873954476,2450000000000,15%,2899000000000,113,139,normal,769,5445
1647092120,20220312,5873954476,2450000000000,15%,2899000000000,113,139,normal,769,5446
1647094184,20220312,5873954476,2450000000000,15%,2899000000000,113,139,normal,769,5447
1647095704,20220312,5873954476,2450000000000,15%,2899000000000,113,139,normal,769,5448
1647099480,20220312,5873954476,2450000000000,15%,2899000000000,113,139,normal,769,5447
1647101694,20220312,5873954476,2450000000000,15%,2899000000000,113,139,normal,769,5449
1647103821,20220312,5873954476,2450000000000,15%,2899000000000,113,139,normal,769,5451
1647110421,20220312,5873954476,2450000000000,15%,2899000000000,113,139,normal,769,5452
1647115911,20220312,5873954476,2450000000000,15%,2899000000000,113,139,normal,770,5452
1647120981,20220312,5873954476,2450000000000,15%,2899000000000,113,139,normal,770,5453
1647132331,20220313,5873954476,2450000000000,15%,2899000000000,113,139,normal,770,5453
1647136905,20220313,5873954476,2450000000000,15%,2899000000000,113,139,normal,770,5456
1647139689,20220313,5873954476,2450000000000,15%,2899000000000,114,139,normal,770,5457
1647141133,20220313,5873954476,2450000000000,15%,2899000000000,114,139,normal,770,5458
1647142689,20220313,5873954476,2450000000000,15%,2899000000000,114,139,normal,770,5459
1647144888,20220313,5873954476,2450000000000,15%,2899000000000,114,139,normal,770,5460
1647159191,20220313,5873954476,2450000000000,15%,2899000000000,114,139,normal,770,5461
1647162647,20220313,5873954476,2450000000000,15%,2899000000000,114,139,normal,770,5463
1647169754,20220313,5873954476,2450000000000,15%,2899000000000,114,139,normal,770,5464
1647173873,20220313,5873954476,2450000000000,15%,2899000000000,113,139,normal,770,5465
1647175970,20220313,5873954476,2450000000000,15%,2899000000000,113,139,normal,771,5465
1647178541,20220313,5873954476,2450000000000,15%,2899000000000,113,139,normal,771,5466
1647180648,20220313,5873954476,2450000000000,15%,2899000000000,113,139,normal,771,5467
1647184285,20220313,5873954476,2450000000000,15%,2899000000000,113,139,normal,771,5466
1647191491,20220313,5873954476,2450000000000,15%,2899000000000,113,139,normal,771,5468
1647192952,20220313,5873954476,2450000000000,15%,2899000000000,113,139,normal,771,5471
1647213129,20220313,5873954476,2450000000000,15%,2899000000000,113,139,normal,771,5472
1647219001,20220314,5873954476,2450000000000,15%,2899000000000,113,139,normal,772,5475
1647223796,20220314,5873954476,2450000000000,15%,2899000000000,113,139,normal,772,5479
1647227624,20220314,5873954476,2450000000000,15%,2899000000000,113,139,normal,772,5478
1647229249,20220314,5873954476,2450000000000,15%,2899000000000,114,139,normal,772,5479
1647231455,20220314,5873954476,2450000000000,15%,2899000000000,114,139,normal,772,5480
1647234082,20220314,5873954476,2450000000000,15%,2899000000000,114,139,normal,772,5482
1647236935,20220314,5873954476,2450000000000,15%,2899000000000,114,139,normal,772,5484
1647238499,20220314,5873954476,2450000000000,15%,2899000000000,116,139,normal,772,5484
1647240247,20220314,5873954476,2450000000000,15%,2899000000000,116,139,normal,772,5485
1647241902,20220314,5873954476,2450000000000,15%,2899000000000,116,139,normal,772,5486
1647245820,20220314,5873954476,2450000000000,15%,2899000000000,116,139,normal,772,5489
1647249396,20220314,5873954476,2450000000000,15%,2899000000000,84,139,normal,773,5490
1647250658,20220314,5873954476,2450000000000,15%,2899000000000,40,139,normal,773,5489
1647252831,20220314,5873954476,2450000000000,15%,2899000000000,20,139,normal,773,5489
1647257817,20220314,5873954476,2450000000000,15%,2899000000000,20,139,normal,773,5490
1647260620,20220314,5873954476,2450000000000,15%,2899000000000,21,139,normal,773,5491
1647262693,20220314,5873954476,2450000000000,15%,2899000000000,21,139,normal,774,5491
1647264152,20220314,5873954476,2450000000000,15%,2899000000000,21,139,normal,774,5492
1647267410,20220314,5873954476,2450000000000,15%,2899000000000,20,139,normal,774,5495
1647271025,20220314,5873954476,2450000000000,15%,2899000000000,20,139,normal,776,5499
1647272605,20220314,5873954476,2450000000000,15%,2899000000000,20,139,normal,776,5503
1647274829,20220314,5873954476,2450000000000,15%,2899000000000,20,139,normal,776,5515
1647276814,20220314,5873954476,2450000000000,15%,2899000000000,20,139,normal,777,5518
1647281918,20220314,5873954476,2450000000000,15%,2899000000000,26,139,normal,778,5520
1647283236,20220314,5873954476,2450000000000,15%,2899000000000,25,139,normal,778,5519
1647285084,20220314,5873954476,2390000000000,18%,2899000000000,24,139,normal,778,5521
1647288789,20220314,5873954476,2390000000000,18%,2899000000000,24,139,normal,778,5523
1647292529,20220314,5873954476,2390000000000,18%,2899000000000,23,139,normal,778,5523
1647295909,20220314,5873954476,2390000000000,18%,2899000000000,27,139,normal,778,5523
1647297424,20220314,5873954476,2390000000000,18%,2899000000000,28,139,normal,778,5523
1647301011,20220314,5873954476,2390000000000,18%,2899000000000,27,139,normal,778,5523
1647305443,20220315,5873954476,2390000000000,18%,2899000000000,26,139,normal,778,5524
1647312868,20220315,5873954476,2390000000000,18%,2899000000000,23,139,normal,778,5528
1647313999,20220315,5873954476,2390000000000,18%,2899000000000,25,139,normal,778,5529
1647315522,20220315,5873954476,2390000000000,18%,2899000000000,25,139,normal,778,5531
1647317711,20220315,5873954476,2390000000000,18%,2899000000000,11,139,normal,778,5531
1647319558,20220315,5873954476,2390000000000,18%,2899000000000,11,139,normal,778,5532
1647321085,20220315,5873954476,2390000000000,18%,2899000000000,2,139,normal,778,5535
1647322487,20220315,5873954476,2350000000000,19%,2899000000000,3,139,normal,778,5536
1647324871,20220315,5873954476,2390000000000,18%,2899000000000,16,139,normal,778,5539
1647328319,20220315,5873954476,2390000000000,18%,2899000000000,17,139,normal,778,5539
1647329704,20220315,5873954476,2390000000000,18%,2899000000000,17,139,normal,779,5540
1647333756,20220315,5873954476,2390000000000,18%,2899000000000,11,139,normal,779,5540
1647335638,20220315,5873954476,2390000000000,18%,2899000000000,13,139,normal,779,5540
1647337040,20220315,5873954476,2390000000000,18%,2899000000000,14,139,normal,779,5542
1647339208,20220315,5873954476,2390000000000,18%,2899000000000,12,139,normal,779,5542
1647340989,20220315,5873954476,2390000000000,18%,2899000000000,12,139,normal,779,5543
1647346996,20220315,5873954476,2390000000000,18%,2899000000000,12,139,normal,780,5543
1647349022,20220315,5873954476,2390000000000,18%,2899000000000,12,139,normal,780,5545
1647351797,20220315,5873954476,2390000000000,18%,2899000000000,13,139,normal,780,5545
1647353590,20220315,5873954476,2390000000000,18%,2899000000000,14,139,normal,780,5546
1647355240,20220315,5873954476,2390000000000,18%,2899000000000,15,139,normal,781,5547
1647357393,20220315,5873954476,2390000000000,18%,2899000000000,15,139,normal,781,5548
1647358948,20220315,5873954476,2390000000000,18%,2899000000000,16,139,normal,782,5548
1647361297,20220315,5873954476,2390000000000,18%,2899000000000,12,139,normal,782,5548
1647363182,20220315,5873954476,2390000000000,18%,2899000000000,14,139,normal,782,5548
1647364406,20220315,5873954476,2450000000000,15%,2899000000000,13,139,normal,782,5549
1647365852,20220315,5873954476,2450000000000,15%,2899000000000,17,139,normal,782,5550
1647368316,20220315,5873954476,2450000000000,15%,2899000000000,18,139,normal,782,5550
1647369728,20220315,5873954476,2450000000000,15%,2899000000000,20,139,normal,782,5551
1647375390,20220315,5873954476,2450000000000,15%,2899000000000,22,139,normal,782,5551
1647378579,20220315,5873954476,2450000000000,15%,2899000000000,23,139,normal,782,5551
1647385922,20220315,5873954476,2450000000000,15%,2899000000000,23,139,normal,782,5550
1647391890,20220316,5873954476,2450000000000,15%,2899000000000,23,139,normal,783,5549
1647397085,20220316,5873954476,2450000000000,15%,2899000000000,26,139,normal,783,5549
1647400981,20220316,5873954476,2450000000000,15%,2899000000000,26,139,normal,783,5550
1647404061,20220316,5873954476,2450000000000,15%,2899000000000,24,139,normal,783,5551
1647405891,20220316,5873954476,2450000000000,15%,2899000000000,24,139,normal,783,5554
1647407473,20220316,5873954476,2390000000000,18%,2899000000000,7,139,normal,783,5558
1647408852,20220316,5873954476,2390000000000,18%,2899000000000,10,139,normal,783,5558
1647411257,20220316,5873954476,2390000000000,18%,2899000000000,10,139,normal,783,5559
1647413012,20220316,5873954476,2390000000000,18%,2899000000000,10,139,normal,784,5560
1647414723,20220316,5873954476,2450000000000,15%,2899000000000,36,139,normal,784,5561
1647418438,20220316,5873954476,2450000000000,15%,2899000000000,37,139,normal,785,5561
1647425823,20220316,5873954476,2450000000000,15%,2899000000000,39,139,normal,785,5561
1647427354,20220316,5873954476,2450000000000,15%,2899000000000,39,139,normal,785,5562
1647429222,20220316,5873954476,2450000000000,15%,2899000000000,39,139,normal,785,5563
1647430677,20220316,5873954476,2450000000000,15%,2899000000000,39,139,normal,785,5562
1647433398,20220316,5873954476,2450000000000,15%,2899000000000,39,139,normal,785,5565
1647435585,20220316,5873954476,2450000000000,15%,2899000000000,40,139,normal,785,5566
1647436929,20220316,5873954476,2450000000000,15%,2899000000000,39,139,normal,785,5566
1647438153,20220316,5873954476,2450000000000,15%,2899000000000,38,139,normal,785,5566
1647440137,20220316,5873954476,2450000000000,15%,2899000000000,38,139,normal,785,5567
1647443789,20220316,5873954476,2450000000000,15%,2899000000000,38,139,normal,785,5568
1647449547,20220316,5873954476,2450000000000,15%,2899000000000,39,139,normal,785,5568
1647450843,20220316,5873954476,2390000000000,18%,2899000000000,39,139,normal,785,5568
1647457771,20220316,5873954476,2390000000000,18%,2899000000000,39,139,normal,785,5569
1647465124,20220316,5873954476,2390000000000,18%,2899000000000,39,363,normal,785,5569
1647472295,20220316,5873954476,2390000000000,18%,2899000000000,39,363,normal,785,5570
1647473776,20220316,5873954476,2390000000000,18%,2899000000000,38,363,normal,785,5570
1647478169,20220317,5873954476,2390000000000,18%,2899000000000,38,363,normal,785,5570
1647486774,20220317,5873954476,2390000000000,18%,2899000000000,38,363,normal,785,5569
1647488299,20220317,5873954476,2390000000000,18%,2899000000000,39,363,normal,786,5569
1647499407,20220317,5873954476,2390000000000,18%,2899000000000,39,363,normal,786,5570
1647504877,20220317,5873954476,2390000000000,18%,2899000000000,39,363,normal,786,5571
1647508587,20220317,5873954476,2390000000000,18%,2899000000000,37,363,normal,786,5571
1647512249,20220317,5873954476,2390000000000,18%,2899000000000,37,363,normal,786,5572
1647513935,20220317,5873954476,2390000000000,18%,2899000000000,37,363,normal,786,5573
1647519625,20220317,5873954476,2390000000000,18%,2899000000000,37,363,normal,786,5574
1647522146,20220317,5873954476,2390000000000,18%,2899000000000,37,363,normal,786,5575
1647523654,20220317,5873954476,2390000000000,18%,2899000000000,37,363,normal,786,5576
1647524616,20220317,5873954476,2390000000000,18%,2899000000000,37,363,normal,786,5577
1647532238,20220317,5873954476,2390000000000,18%,2899000000000,38,363,normal,786,5578
1647535970,20220317,5873954476,2390000000000,18%,2899000000000,38,363,normal,786,5579
1647538656,20220317,5873954476,2390000000000,18%,2899000000000,38,363,normal,786,5580
1647564482,20220318,5873954476,2390000000000,18%,2899000000000,38,363,normal,786,5580
1647569864,20220318,5873954476,2390000000000,18%,2899000000000,37,363,normal,786,5581
1647574801,20220318,5873954476,2390000000000,18%,2899000000000,37,363,normal,786,5582
1647576877,20220318,5873954476,2390000000000,18%,2899000000000,39,363,normal,786,5582
1647577790,20220318,5873954476,2390000000000,18%,2899000000000,39,363,normal,786,5583
1647581667,20220318,5873954476,2390000000000,18%,2899000000000,38,363,normal,786,5583
1647584061,20220318,5873954476,2390000000000,18%,2899000000000,38,363,normal,786,5584
1647585798,20220318,5873954476,2390000000000,18%,2899000000000,38,363,normal,787,5585
1647587481,20220318,5873954476,2390000000000,18%,2899000000000,38,363,normal,787,5586
1647596204,20220318,5873954476,2390000000000,18%,2899000000000,38,363,normal,788,5586
1647601893,20220318,5873954476,2390000000000,18%,2899000000000,38,363,normal,788,5587
1647608121,20220318,5873954476,2390000000000,18%,2899000000000,38,363,normal,788,5588
1647612798,20220318,5873954476,2390000000000,18%,2899000000000,38,363,normal,788,5589
1647616594,20220318,5873954476,2390000000000,18%,2899000000000,38,363,normal,788,5590
1647618276,20220318,5873954476,2390000000000,18%,2899000000000,37,363,normal,788,5589
1647620237,20220318,5873954476,2390000000000,18%,2899000000000,37,363,normal,788,5591
1647622640,20220318,5873954476,2390000000000,18%,2899000000000,37,363,normal,788,5593
1647627226,20220318,5873954476,2390000000000,18%,2899000000000,37,363,normal,789,5594
1647632065,20220318,5873954476,2390000000000,18%,2899000000000,37,363,normal,789,5595
1647634320,20220318,5873954476,2390000000000,18%,2899000000000,37,363,normal,789,5596
1647637858,20220318,5873954476,2390000000000,18%,2899000000000,37,363,normal,789,5597
1647650722,20220319,5873954476,2390000000000,18%,2899000000000,37,363,normal,789,5598
1647655633,20220319,5873954476,2390000000000,18%,2899000000000,36,363,normal,789,5601
1647658257,20220319,5873954476,2390000000000,18%,2899000000000,37,363,normal,789,5600
1647663247,20220319,5873954476,2390000000000,18%,2899000000000,39,363,normal,789,5600
1647668058,20220319,5873954476,2390000000000,18%,2899000000000,39,363,normal,790,5601
1647673842,20220319,5873954476,2390000000000,18%,2899000000000,39,363,normal,790,5600
1647675228,20220319,5873954476,2390000000000,18%,2899000000000,39,363,normal,790,5601
1647677602,20220319,5873954476,2390000000000,18%,2899000000000,50,363,normal,790,5601
1647684739,20220319,5873954476,2390000000000,18%,2899000000000,50,363,normal,790,5600
1647688197,20220319,5873954476,2390000000000,18%,2899000000000,50,363,normal,790,5599
1647695739,20220319,5873954476,2390000000000,18%,2899000000000,50,363,normal,790,5600
1647696966,20220319,5873954476,2390000000000,18%,2899000000000,49,363,normal,790,5601
1647699096,20220319,5873954476,2390000000000,18%,2899000000000,49,363,normal,790,5602
1647702710,20220319,5873954476,2390000000000,18%,2899000000000,49,363,normal,790,5601
1647708638,20220319,5873954476,2390000000000,18%,2899000000000,49,363,normal,790,5602
1647727842,20220319,5873954476,2390000000000,18%,2899000000000,49,363,normal,790,5603
1647737330,20220320,5873954476,2390000000000,18%,2899000000000,49,363,normal,790,5603
1647742229,20220320,5873954476,2390000000000,18%,2899000000000,49,363,normal,791,5602
1647745887,20220320,5873954476,2390000000000,18%,2899000000000,49,363,normal,791,5604
1647749692,20220320,5873954476,2390000000000,18%,2899000000000,48,363,normal,791,5604
1647753021,20220320,5873954476,2390000000000,18%,2899000000000,48,363,normal,791,5605
1647758543,20220320,5873954476,2390000000000,18%,2899000000000,124,363,normal,791,5606
1647760252,20220320,5873954476,2390000000000,18%,2899000000000,124,363,normal,791,5608
1647765511,20220320,5873954476,2390000000000,18%,2899000000000,124,363,normal,792,5609
1647767510,20220320,5873954476,2390000000000,18%,2899000000000,124,363,normal,792,5610
1647771117,20220320,5873954476,2390000000000,18%,2899000000000,124,363,normal,792,5611
1647778674,20220320,5873954476,2390000000000,18%,2899000000000,124,363,normal,792,5610
1647782124,20220320,5873954476,2390000000000,18%,2899000000000,124,363,normal,792,5609
1647783363,20220320,5873954476,2390000000000,18%,2899000000000,125,363,normal,792,5609
1647785465,20220320,5873954476,2390000000000,18%,2899000000000,125,363,normal,792,5610
1647786904,20220320,5873954476,2390000000000,18%,2899000000000,125,363,normal,793,5610
1647792880,20220320,5873954476,2390000000000,18%,2899000000000,123,363,normal,793,5610
1647795017,20220320,5873954476,2390000000000,18%,2899000000000,122,363,normal,793,5611
1647797752,20220320,5873954476,2390000000000,18%,2899000000000,122,363,normal,793,5612
1647800027,20220320,5873954476,2390000000000,18%,2899000000000,122,363,normal,793,5613
1647803347,20220320,5873954476,2390000000000,18%,2899000000000,122,363,normal,793,5614
1647804856,20220320,5873954476,2390000000000,18%,2899000000000,121,363,normal,793,5614
1647823757,20220321,5873954476,2390000000000,18%,2899000000000,121,363,normal,793,5618
1647829458,20220321,5873954476,2390000000000,18%,2899000000000,122,363,normal,793,5619
