data/history/5873954476.csv
time,date,itemid,price,discount,price_before_discount,stock,sold,item_status,cmt_count,liked_count
1647831894,20220321,5873954476,2390000000000,18%,2899000000000,122,363,normal,793,5620
1647834234,20220321,5873954476,2390000000000,18%,2899000000000,122,363,normal,793,5623
1647836092,20220321,5873954476,2390000000000,18%,2899000000000,122,363,normal,793,5624
1647837938,20220321,5873954476,2390000000000,18%,2899000000000,121,363,normal,793,5624
1647843311,20220321,5873954476,2390000000000,18%,2899000000000,121,363,normal,794,5625
1647848100,20220321,5873954476,2390000000000,18%,2899000000000,121,363,normal,794,5626
1647850528,20220321,5873954476,2390000000000,18%,2899000000000,121,363,normal,795,5627
1647853944,20220321,5873954476,2390000000000,18%,2899000000000,123,363,normal,795,5626
1647855434,20220321,5873954476,2390000000000,18%,2899000000000,123,363,normal,795,5625
1647859481,20220321,5873954476,2390000000000,18%,2899000000000,123,363,normal,796,5625
1647861165,20220321,5873954476,2390000000000,18%,2899000000000,123,363,normal,796,5627
1647867731,20220321,5873954476,2390000000000,18%,2899000000000,123,363,normal,796,5628
1647873643,20220321,5873954476,2390000000000,18%,2899000000000,123,363,normal,796,5630
1647875856,20220321,5873954476,2390000000000,18%,2899000000000,123,363,normal,796,5631
1647877535,20220321,5873954476,2390000000000,18%,2899000000000,123,363,normal,797,5630
1647879691,20220321,5873954476,2390000000000,18%,2899000000000,124,363,normal,797,5630
1647881660,20220321,5873954476,2390000000000,18%,2899000000000,125,363,normal,797,5631
1647891415,20220321,5873954476,2390000000000,18%,2899000000000,125,363,normal,797,5632
1647910239,20220322,5873954476,2390000000000,18%,2899000000000,125,363,normal,797,5633
1647915842,20220322,5873954476,2390000000000,18%,2899000000000,125,363,normal,798,5634
1647918374,20220322,5873954476,2390000000000,18%,2899000000000,125,363,normal,799,5635
1647920675,20220322,5873954476,2390000000000,18%,2899000000000,125,363,normal,799,5636
1647922469,20220322,5873954476,2390000000000,18%,2899000000000,125,363,normal,799,5637
1647925857,20220322,5873954476,2390000000000,18%,2899000000000,125,363,normal,799,5638
1647929673,20220322,5873954476,2390000000000,18%,2899000000000,125,363,normal,800,5638
1647933090,20220322,5873954476,2390000000000,18%,2899000000000,126,363,normal,800,5638
1647934496,20220322,5873954476,2390000000000,18%,2899000000000,126,363,normal,800,5639
1647936970,20220322,5873954476,2390000000000,18%,2899000000000,128,363,normal,802,5640
1647940348,20220322,5873954476,2390000000000,18%,2899000000000,127,363,normal,802,5641
1647943966,20220322,5873954476,2390000000000,18%,2899000000000,127,363,normal,802,5642
1647947578,20220322,5873954476,2390000000000,18%,2899000000000,111,363,normal,802,5642
1647949016,20220322,5873954476,2390000000000,18%,2899000000000,111,363,normal,802,5641
1647954214,20220322,5873954476,2390000000000,18%,2899000000000,111,363,normal,802,5642
1647958536,20220322,5873954476,2390000000000,18%,2899000000000,111,363,normal,802,5645
1647962068,20220322,5873954476,2390000000000,18%,2899000000000,112,363,normal,802,5644
1647963810,20220322,5873954476,2390000000000,18%,2899000000000,112,363,normal,802,5645
1647970006,20220322,5873954476,2390000000000,18%,2899000000000,112,363,normal,802,5647
1647996989,20220323,5873954476,2390000000000,18%,2899000000000,112,363,normal,802,5647
1648002508,20220323,5873954476,2390000000000,18%,2899000000000,112,363,normal,803,5648
1648005004,20220323,5873954476,2390000000000,18%,2899000000000,112,363,normal,803,5649
1648010718,20220323,5873954476,2390000000000,18%,2899000000000,112,363,normal,803,5650
1648012267,20220323,5873954476,2390000000000,18%,2899000000000,113,363,normal,803,5650
1648016111,20220323,5873954476,2390000000000,18%,2899000000000,112,363,normal,803,5650
1648017855,20220323,5873954476,2390000000000,18%,2899000000000,112,363,normal,803,5651
1648025228,20220323,5873954476,2390000000000,18%,2899000000000,112,363,normal,803,5652
1648032283,20220323,5873954476,2390000000000,18%,2899000000000,112,363,normal,803,5653
1648040679,20220323,5873954476,2390000000000,18%,2899000000000,112,363,normal,803,5655
1648042419,20220323,5873954476,2390000000000,18%,2899000000000,111,363,normal,804,5656
1648046374,20220323,5873954476,2390000000000,18%,2899000000000,111,363,normal,804,5655
1648049990,20220323,5873954476,2390000000000,18%,2899000000000,113,363,normal,804,5656
1648057090,20220323,5873954476,2390000000000,18%,2899000000000,113,363,normal,804,5657
1648066361,20220323,5873954476,2390000000000,18%,2899000000000,114,363,normal,804,5657
1648083091,20220324,5873954476,2390000000000,18%,2899000000000,114,363,normal,804,5657
1648088521,20220324,5873954476,2390000000000,18%,2899000000000,114,363,normal,804,5658
1648091006,20220324,5873954476,2390000000000,18%,2899000000000,144,363,normal,804,5658
1648093353,20220324,5873954476,2390000000000,18%,2899000000000,162,363,normal,804,5658
1648095324,20220324,5873954476,2390000000000,18%,2899000000000,172,363,normal,804,5658
1648102499,20220324,5873954476,2390000000000,18%,2899000000000,115,363,normal,804,5658
1648104233,20220324,5873954476,2390000000000,18%,2899000000000,119,363,normal,804,5657
1648105893,20220324,5873954476,2390000000000,18%,2899000000000,139,363,normal,804,5657
1648107306,20220324,5873954476,2390000000000,18%,2899000000000,149,363,normal,804,5657
1648109675,20220324,5873954476,2390000000000,18%,2899000000000,166,363,normal,805,5656
1648111412,20220324,5873954476,2390000000000,18%,2899000000000,174,363,normal,805,5657
1648113399,20220324,5873954476,2390000000000,18%,2899000000000,212,363,normal,806,5657
1648114894,20220324,5873954476,2390000000000,18%,2899000000000,223,363,normal,806,5657
1648124529,20220324,5873954476,2390000000000,18%,2899000000000,223,363,normal,806,5656
1648127026,20220324,5873954476,2390000000000,18%,2899000000000,223,363,normal,806,5657
1648128407,20220324,5873954476,2390000000000,18%,2899000000000,224,363,normal,806,5657
1648129532,20220324,5873954476,2390000000000,18%,2899000000000,224,363,normal,806,5656
1648131397,20220324,5873954476,2390000000000,18%,2899000000000,223,363,normal,806,5656
1648132840,20220324,5873954476,2390000000000,18%,2899000000000,223,363,normal,806,5658
1648136404,20220324,5873954476,2390000000000,18%,2899000000000,223,363,normal,806,5659
1648138563,20220324,5873954476,2390000000000,18%,2899000000000,223,363,normal,806,5660
1648140800,20220324,5873954476,2390000000000,18%,2899000000000,223,363,normal,808,5661
1648142913,20220324,5873954476,2390000000000,18%,2899000000000,1,363,normal,808,5666
1648144290,20220324,5873954476,2390000000000,18%,2899000000000,226,363,normal,808,5667
1648145935,20220324,5873954476,2390000000000,18%,2899000000000,227,363,normal,808,5668
1648148954,20220324,5873954476,2390000000000,18%,2899000000000,226,363,normal,808,5669
1648154225,20220324,5873954476,2390000000000,18%,2899000000000,227,363,normal,808,5669
1648159947,20220324,5873954476,2390000000000,18%,2899000000000,227,363,normal,808,5670
1648165018,20220324,5873954476,2390000000000,18%,2899000000000,228,363,normal,808,5670
1648169337,20220325,5873954476,2390000000000,18%,2899000000000,232,363,normal,808,5670
1648174647,20220325,5873954476,2390000000000,18%,2899000000000,10,363,normal,808,5673
1648177186,20220325,5873954476,2390000000000,18%,2899000000000,8,363,normal,809,5673
1648178779,20220325,5873954476,2390000000000,18%,2899000000000,243,363,normal,809,5673
1648181734,20220325,5873954476,2390000000000,18%,2899000000000,245,363,normal,809,5673
1648185074,20220325,5873954476,2390000000000,18%,2899000000000,15,363,normal,809,5673
1648186493,20220325,5873954476,2390000000000,18%,2899000000000,261,363,normal,810,5675
1648188901,20220325,5873954476,2390000000000,18%,2899000000000,259,363,normal,810,5676
1648190667,20220325,5873954476,2390000000000,18%,2899000000000,259,363,normal,810,5678
1648192308,20220325,5873954476,2390000000000,18%,2899000000000,249,363,normal,810,5678
1648193703,20220325,5873954476,2390000000000,18%,2899000000000,248,363,normal,810,5678
1648196102,20220325,5873954476,2390000000000,18%,2899000000000,173,363,normal,810,5678
1648197724,20220325,5873954476,2390000000000,18%,2899000000000,101,363,normal,810,5678
1648199542,20220325,5873954476,2390000000000,18%,2899000000000,99,363,normal,810,5679
1648201032,20220325,5873954476,2390000000000,18%,2899000000000,59,363,normal,810,5680
1648203508,20220325,5873954476,2390000000000,18%,2899000000000,59,363,normal,811,5681
1648204919,20220325,5873954476,2390000000000,18%,2899000000000,58,363,normal,811,5681
1648206929,20220325,5873954476,2380000000000,18%,2899000000000,57,363,normal,812,5682
1648208308,20220325,5873954476,2380000000000,18%,2899000000000,56,363,normal,812,5682
1648212157,20220325,5873954476,2380000000000,18%,2899000000000,55,363,normal,812,5684
1648215964,20220325,5873954476,2380000000000,18%,2899000000000,55,363,normal,813,5685
1648217730,20220325,5873954476,2390000000000,18%,2899000000000,96,363,normal,813,5685
1648219183,20220325,5873954476,2390000000000,18%,2899000000000,96,363,normal,813,5686
1648221394,20220325,5873954476,2390000000000,18%,2899000000000,96,363,normal,813,5685
1648223016,20220325,5873954476,2390000000000,18%,2899000000000,96,363,normal,813,5686
1648225058,20220325,5873954476,2390000000000,18%,2899000000000,95,363,normal,813,5686
1648228511,20220325,5873954476,2390000000000,18%,2899000000000,96,363,normal,813,5686
1648232097,20220325,5873954476,2390000000000,18%,2899000000000,95,363,normal,813,5686
1648255768,20220326,5873954476,2390000000000,18%,2899000000000,95,363,normal,813,5686
1648261083,20220326,5873954476,2390000000000,18%,2899000000000,95,363,normal,813,5687
1648263679,20220326,5873954476,2390000000000,18%,2899000000000,96,363,normal,813,5687
1648280135,20220326,5873954476,2390000000000,18%,2899000000000,97,363,normal,814,5690
1648285842,20220326,5873954476,2390000000000,18%,2899000000000,100,363,normal,815,5691
1648287362,20220326,5873954476,2390000000000,18%,2899000000000,100,363,normal,815,5692
1648289525,20220326,5873954476,2390000000000,18%,2899000000000,99,363,normal,815,5692
1648292989,20220326,5873954476,2390000000000,18%,2899000000000,99,363,normal,815,5693
1648294486,20220326,5873954476,2390000000000,18%,2899000000000,99,363,normal,815,5694
1648301790,20220326,5873954476,2390000000000,18%,2899000000000,98,363,normal,815,5694
1648303832,20220326,5873954476,2390000000000,18%,2899000000000,98,363,normal,815,5695
1648305269,20220326,5873954476,2390000000000,18%,2899000000000,98,363,normal,815,5696
1648307511,20220326,5873954476,2390000000000,18%,2899000000000,97,363,normal,816,5697
1648309117,20220326,5873954476,2390000000000,18%,2899000000000,97,363,normal,816,5696
1648311294,20220326,5873954476,2390000000000,18%,2899000000000,98,363,normal,816,5697
1648318396,20220326,5873954476,2390000000000,18%,2899000000000,98,363,normal,816,5700
1648320045,20220326,5873954476,2390000000000,18%,2899000000000,131,363,normal,816,5702
1648321755,20220326,5873954476,2390000000000,18%,2899000000000,131,363,normal,816,5703
1648329074,20220326,5873954476,2390000000000,18%,2899000000000,132,363,normal,816,5703
1648337763,20220326,5873954476,2390000000000,18%,2899000000000,132,363,normal,816,5704
1648342469,20220327,5873954476,2390000000000,18%,2899000000000,132,363,normal,817,5704
1648347586,20220327,5873954476,2380000000000,18%,2899000000000,15,363,normal,817,5704
1648350037,20220327,5873954476,2390000000000,18%,2899000000000,164,363,normal,817,5709
1648352442,20220327,5873954476,2390000000000,18%,2899000000000,134,363,normal,817,5709
1648356326,20220327,5873954476,2390000000000,18%,2899000000000,133,363,normal,817,5709
1648357841,20220327,5873954476,2390000000000,18%,2899000000000,35,363,normal,817,5712
1648359248,20220327,5873954476,2380000000000,18%,2899000000000,18,363,normal,817,5714
1648361641,20220327,5873954476,2390000000000,18%,2899000000000,177,363,normal,818,5715
1648363358,20220327,5873954476,2390000000000,18%,2899000000000,177,363,normal,818,5714
1648365057,20220327,5873954476,2390000000000,18%,2899000000000,177,363,normal,818,5715
1648366451,20220327,5873954476,2390000000000,18%,2899000000000,177,363,normal,818,5716
1648368818,20220327,5873954476,2390000000000,18%,2899000000000,177,363,normal,818,5717
1648370356,20220327,5873954476,2390000000000,18%,2899000000000,177,363,normal,818,5718
1648372255,20220327,5873954476,2390000000000,18%,2899000000000,177,363,normal,818,5719
1648375935,20220327,5873954476,2390000000000,18%,2899000000000,176,363,normal,818,5718
1648379392,20220327,5873954476,2380000000000,18%,2899000000000,30,363,normal,818,5718
1648385640,20220327,5873954476,2380000000000,18%,2899000000000,29,363,normal,818,5717
1648390215,20220327,5873954476,2380000000000,18%,2899000000000,18,363,normal,818,5717
1648391664,20220327,5873954476,2380000000000,18%,2899000000000,18,363,normal,818,5718
1648393895,20220327,5873954476,2390000000000,18%,2899000000000,242,363,normal,818,5718
1648397731,20220327,5873954476,2390000000000,18%,2899000000000,242,363,normal,818,5720
1648402578,20220327,5873954476,2390000000000,18%,2899000000000,243,363,normal,818,5720
1648404789,20220327,5873954476,2390000000000,18%,2899000000000,244,363,normal,818,5719
1648409660,20220327,5873954476,2390000000000,18%,2899000000000,244,461,normal,818,5719
1648415480,20220327,5873954476,2390000000000,18%,2899000000000,244,461,normal,818,5720
1648428913,20220328,5873954476,2390000000000,18%,2899000000000,244,461,normal,818,5720
1648434978,20220328,5873954476,2390000000000,18%,2899000000000,244,461,normal,819,5720
1648438076,20220328,5873954476,2390000000000,18%,2899000000000,244,461,normal,819,5721
1648442756,20220328,5873954476,2390000000000,18%,2899000000000,243,461,normal,819,5722
1648445692,20220328,5873954476,2390000000000,18%,2899000000000,240,461,normal,820,5723
1648449876,20220328,5873954476,2390000000000,18%,2899000000000,244,461,normal,820,5722
1648451525,20220328,5873954476,2390000000000,18%,2899000000000,244,461,normal,820,5723
1648455633,20220328,5873954476,2390000000000,18%,2899000000000,241,461,normal,820,5723
1648472670,20220328,5873954476,2390000000000,18%,2899000000000,241,461,normal,820,5724
1648474479,20220328,5873954476,2390000000000,18%,2899000000000,241,461,normal,820,5726
1648476742,20220328,5873954476,2390000000000,18%,2899000000000,3,461,normal,820,5726
1648480645,20220328,5873954476,2390000000000,18%,2899000000000,244,461,normal,820,5726
1648484175,20220328,5873954476,2390000000000,18%,2899000000000,244,461,normal,820,5727
1648486655,20220328,5873954476,2390000000000,18%,2899000000000,244,461,normal,821,5728
1648487661,20220328,5873954476,2390000000000,18%,2899000000000,3,461,normal,821,5729
1648489166,20220328,5873954476,2390000000000,18%,2899000000000,247,461,normal,821,5729
1648491359,20220328,5873954476,2390000000000,18%,2899000000000,247,461,normal,822,5730
1648498657,20220328,5873954476,2390000000000,18%,2899000000000,247,463,normal,822,5730
1648507062,20220328,5873954476,2390000000000,18%,2899000000000,247,463,normal,823,5730
1648515327,20220329,5873954476,2390000000000,18%,2899000000000,247,463,normal,823,5731
1648525798,20220329,5873954476,2390000000000,18%,2899000000000,254,463,normal,823,5732
1648527275,20220329,5873954476,2390000000000,18%,2899000000000,253,463,normal,823,5732
1648538199,20220329,5873954476,2390000000000,18%,2899000000000,253,463,normal,823,5733
1648545111,20220329,5873954476,2390000000000,18%,2899000000000,253,463,normal,823,5732
1648553181,20220329,5873954476,2390000000000,18%,2899000000000,253,463,normal,823,5733
1648554586,20220329,5873954476,2390000000000,18%,2899000000000,253,463,normal,823,5734
1648556859,20220329,5873954476,2390000000000,18%,2899000000000,3,463,normal,823,5734
1648559090,20220329,5873954476,2390000000000,18%,2899000000000,3,463,normal,823,5735
1648563339,20220329,5873954476,2390000000000,18%,2899000000000,256,463,normal,823,5733
1648567071,20220329,5873954476,2390000000000,18%,2899000000000,255,463,normal,823,5734
1648570633,20220329,5873954476,2390000000000,18%,2899000000000,255,463,normal,823,5737
1648572951,20220329,5873954476,2390000000000,18%,2899000000000,254,463,normal,823,5738
1648574271,20220329,5873954476,2390000000000,18%,2899000000000,254,463,normal,823,5739
1648575491,20220329,5873954476,2390000000000,18%,2899000000000,255,463,normal,823,5739
1648582469,20220329,5873954476,2390000000000,18%,2899000000000,255,463,normal,823,5740
1648588261,20220329,5873954476,2390000000000,18%,2899000000000,255,465,normal,823,5740
1648589759,20220329,5873954476,2390000000000,18%,2899000000000,255,465,normal,823,5741
1648591906,20220329,5873954476,2390000000000,18%,2899000000000,255,465,normal,823,5742
1648601650,20220330,5873954476,2390000000000,18%,2899000000000,255,465,normal,823,5742
1648607630,20220330,5873954476,2390000000000,18%,2899000000000,255,465,normal,823,5743
1648618512,20220330,5873954476,2390000000000,18%,2899000000000,257,465,normal,823,5743
1648620908,20220330,5873954476,2390000000000,18%,2899000000000,257,465,normal,823,5744
1648626044,20220330,5873954476,2390000000000,18%,2899000000000,251,465,normal,824,5744
1648635462,20220330,5873954476,2390000000000,18%,2899000000000,251,465,normal,824,5745
1648647396,20220330,5873954476,2390000000000,18%,2899000000000,251,465,normal,824,5746
1648651184,20220330,5873954476,2390000000000,18%,2899000000000,251,465,normal,827,5746
1648653433,20220330,5873954476,2390000000000,18%,2899000000000,251,465,normal,828,5746
1648656871,20220330,5873954476,2390000000000,18%,2899000000000,251,465,normal,828,5747
1648660430,20220330,5873954476,2390000000000,18%,2899000000000,250,465,normal,828,5747
1648662089,20220330,5873954476,2390000000000,18%,2899000000000,250,465,normal,828,5748
1648668870,20220330,5873954476,2390000000000,18%,2899000000000,250,465,normal,828,5749
1648683431,20220330,5873954476,2390000000000,18%,2899000000000,250,454,normal,828,5749
