data/history/5873954476.csv
time,date,itemid,price,discount,price_before_discount,stock,sold,item_status,cmt_count,liked_count
1651334568,20220430,5873954476,2345000000000,19%,2899000000000,670,238,normal,894,6167
1651336813,20220430,5873954476,2345000000000,19%,2899000000000,670,236,normal,894,6167
1651338281,20220430,5873954476,2339000000000,19%,2899000000000,15,236,normal,894,6168
1651340083,20220430,5873954476,2345000000000,19%,2899000000000,670,236,normal,894,6168
1651347122,20220430,5873954476,2345000000000,19%,2899000000000,685,236,normal,894,6168
1651359761,20220430,5873954476,2345000000000,19%,2899000000000,686,236,normal,894,6168
1651363921,20220501,5873954476,2345000000000,19%,2899000000000,686,236,normal,894,6168
1651378514,20220501,5873954476,2345000000000,19%,2899000000000,686,236,normal,894,6167
1651380198,20220501,5873954476,2345000000000,19%,2899000000000,686,236,normal,894,6166
1651385232,20220501,5873954476,2345000000000,19%,2899000000000,685,236,normal,894,6167
1651387061,20220501,5873954476,2345000000000,19%,2899000000000,682,236,normal,894,6167
1651388570,20220501,5873954476,2345000000000,19%,2899000000000,678,236,normal,894,6167
1651390395,20220501,5873954476,2345000000000,19%,2899000000000,686,236,normal,894,6167
1651392270,20220501,5873954476,2345000000000,19%,2899000000000,686,236,normal,894,6166
1651394197,20220501,5873954476,2345000000000,19%,2899000000000,683,236,normal,894,6168
1651395845,20220501,5873954476,2345000000000,19%,2899000000000,678,236,normal,894,6168
1651397667,20220501,5873954476,2345000000000,19%,2899000000000,686,236,normal,894,6168
1651399396,20220501,5873954476,2345000000000,19%,2899000000000,686,236,normal,894,6169
1651401358,20220501,5873954476,2345000000000,19%,2899000000000,686,236,normal,894,6171
1651406800,20220501,5873954476,2345000000000,19%,2899000000000,686,236,normal,894,6170
1651417579,20220501,5873954476,2345000000000,19%,2899000000000,686,236,normal,894,6169
1651419356,20220501,5873954476,2345000000000,19%,2899000000000,686,236,normal,894,6170
1651423238,20220501,5873954476,2345000000000,19%,2899000000000,686,235,normal,894,6170
1651426518,20220501,5873954476,2345000000000,19%,2899000000000,686,235,normal,894,6171
1651428241,20220501,5873954476,2345000000000,19%,2899000000000,687,235,normal,894,6171
1651450145,20220502,5873954476,2345000000000,19%,2899000000000,687,235,normal,894,6171
1651452406,20220502,5873954476,2345000000000,19%,2899000000000,687,235,normal,894,6172
1651459698,20220502,5873954476,2345000000000,19%,2899000000000,687,235,normal,894,6173
1651466782,20220502,5873954476,2345000000000,19%,2899000000000,687,235,normal,895,6173
1651469976,20220502,5873954476,2345000000000,19%,2899000000000,687,235,normal,895,6172
1651480698,20220502,5873954476,2345000000000,19%,2899000000000,687,235,normal,895,6171
1651484096,20220502,5873954476,2345000000000,19%,2899000000000,687,235,normal,895,6172
1651493329,20220502,5873954476,2345000000000,19%,2899000000000,687,235,normal,896,6172
1651495477,20220502,5873954476,2345000000000,19%,2899000000000,687,235,normal,896,6173
1651500475,20220502,5873954476,2345000000000,19%,2899000000000,687,235,normal,897,6173
1651503829,20220502,5873954476,2345000000000,19%,2899000000000,687,235,normal,897,6174
1651507672,20220502,5873954476,2345000000000,19%,2899000000000,687,235,normal,897,6175
1651509990,20220502,5873954476,2345000000000,19%,2899000000000,687,233,normal,897,6175
1651514891,20220502,5873954476,2345000000000,19%,2899000000000,686,233,normal,897,6176
1651516967,20220502,5873954476,2345000000000,19%,2899000000000,686,233,normal,897,6178
1651536556,20220503,5873954476,2345000000000,19%,2899000000000,686,233,normal,897,6178
1651545815,20220503,5873954476,2345000000000,19%,2899000000000,684,233,normal,897,6178
1651548565,20220503,5873954476,2345000000000,19%,2899000000000,684,233,normal,897,6179
1651556106,20220503,5873954476,2345000000000,19%,2899000000000,684,233,normal,898,6179
1651559887,20220503,5873954476,2345000000000,19%,2899000000000,685,233,normal,898,6179
1651563237,20220503,5873954476,2345000000000,19%,2899000000000,685,233,normal,898,6180
1651565327,20220503,5873954476,2345000000000,19%,2899000000000,685,233,normal,898,6181
1651568815,20220503,5873954476,2345000000000,19%,2899000000000,685,233,normal,898,6182
1651575806,20220503,5873954476,2345000000000,19%,2899000000000,685,233,normal,899,6182
1651577810,20220503,5873954476,2345000000000,19%,2899000000000,684,233,normal,899,6182
1651579414,20220503,5873954476,2345000000000,19%,2899000000000,683,233,normal,899,6184
1651581914,20220503,5873954476,2345000000000,19%,2899000000000,683,233,normal,899,6185
1651588375,20220503,5873954476,2345000000000,19%,2899000000000,683,233,normal,899,6187
1651590170,20220503,5873954476,2345000000000,19%,2899000000000,682,233,normal,899,6187
1651592201,20220503,5873954476,2345000000000,19%,2899000000000,682,233,normal,899,6186
1651597944,20220503,5873954476,2345000000000,19%,2899000000000,682,233,normal,899,6187
1651599596,20220503,5873954476,2345000000000,19%,2899000000000,682,233,normal,900,6187
1651601263,20220503,5873954476,2345000000000,19%,2899000000000,683,233,normal,900,6187
1651622925,20220504,5873954476,2345000000000,19%,2899000000000,683,233,normal,900,6187
1651625225,20220504,5873954476,2345000000000,19%,2899000000000,683,233,normal,900,6188
1651642508,20220504,5873954476,2345000000000,19%,2899000000000,683,233,normal,900,6189
1651649622,20220504,5873954476,2345000000000,19%,2899000000000,683,233,normal,900,6188
1651651375,20220504,5873954476,2345000000000,19%,2899000000000,597,233,normal,900,6187
1651653448,20220504,5873954476,2345000000000,19%,2899000000000,561,233,normal,900,6187
1651655268,20220504,5873954476,2345000000000,19%,2899000000000,531,233,normal,900,6186
1651656936,20220504,5873954476,2345000000000,19%,2899000000000,486,233,normal,900,6186
1651660590,20220504,5873954476,2345000000000,19%,2899000000000,486,233,normal,900,6187
1651662167,20220504,5873954476,2345000000000,19%,2899000000000,366,233,normal,900,6187
1651672967,20220504,5873954476,2345000000000,19%,2899000000000,366,233,normal,900,6188
1651675096,20220504,5873954476,2345000000000,19%,2899000000000,366,233,normal,900,6190
1651676611,20220504,5873954476,2345000000000,19%,2899000000000,366,233,normal,900,6191
1651680207,20220504,5873954476,2345000000000,19%,2899000000000,365,233,normal,901,6191
1651682682,20220504,5873954476,2345000000000,19%,2899000000000,365,232,normal,901,6193
1651684427,20220504,5873954476,2290000000000,21%,2899000000000,2,232,normal,901,6195
1651685925,20220504,5873954476,2290000000000,21%,2899000000000,30,232,normal,901,6194
1651687399,20220504,5873954476,2290000000000,21%,2899000000000,94,232,normal,901,6194
1651689537,20220504,5873954476,2290000000000,21%,2899000000000,88,232,normal,901,6194
1651690961,20220504,5873954476,2290000000000,21%,2899000000000,87,232,normal,901,6194
1651694568,20220504,5873954476,2290000000000,21%,2899000000000,86,232,normal,901,6194
1651696499,20220504,5873954476,2290000000000,21%,2899000000000,85,232,normal,901,6194
1651703732,20220504,5873954476,2290000000000,21%,2899000000000,86,232,normal,901,6194
1651705373,20220504,5873954476,2290000000000,21%,2899000000000,84,232,normal,901,6194
1651707287,20220504,5873954476,2290000000000,21%,2899000000000,83,232,normal,901,6194
1651709354,20220505,5873954476,2290000000000,21%,2899000000000,81,232,normal,901,6195
1651714355,20220505,5873954476,2290000000000,21%,2899000000000,80,232,normal,902,6196
1651718110,20220505,5873954476,2290000000000,21%,2899000000000,78,232,normal,902,6196
1651721383,20220505,5873954476,2290000000000,21%,2899000000000,78,232,normal,902,6197
1651722793,20220505,5873954476,2290000000000,21%,2899000000000,77,232,normal,902,6197
1651725773,20220505,5873954476,2290000000000,21%,2899000000000,74,232,normal,902,6198
1651727235,20220505,5873954476,2290000000000,21%,2899000000000,29,232,normal,902,6199
1651728969,20220505,5873954476,2295000000000,21%,2899000000000,92,232,normal,902,6199
1651730578,20220505,5873954476,2295000000000,21%,2899000000000,93,232,normal,902,6199
1651732712,20220505,5873954476,2295000000000,21%,2899000000000,91,232,normal,902,6200
1651734164,20220505,5873954476,2290000000000,21%,2899000000000,36,232,normal,902,6200
1651736038,20220505,5873954476,2290000000000,21%,2899000000000,34,232,normal,902,6200
1651738138,20220505,5873954476,2295000000000,21%,2899000000000,91,232,normal,902,6200
1651739887,20220505,5873954476,2295000000000,21%,2899000000000,89,232,normal,902,6201
1651741726,20220505,5873954476,2295000000000,21%,2899000000000,90,232,normal,902,6202
1651743313,20220505,5873954476,2295000000000,21%,2899000000000,88,232,normal,902,6202
1651744996,20220505,5873954476,2295000000000,21%,2899000000000,84,232,normal,902,6202
1651747054,20220505,5873954476,2295000000000,21%,2899000000000,80,232,normal,902,6203
1651748779,20220505,5873954476,2199000000000,24%,2899000000000,156,232,normal,902,6203
1651750397,20220505,5873954476,2199000000000,24%,2899000000000,145,232,normal,902,6203
1651752515,20220505,5873954476,2199000000000,24%,2899000000000,136,232,normal,902,6203
1651754850,20220505,5873954476,2199000000000,24%,2899000000000,86,232,normal,902,6208
1651756646,20220505,5873954476,2199000000000,24%,2899000000000,66,232,normal,902,6210
1651758132,20220505,5873954476,2199000000000,24%,2899000000000,53,232,normal,902,6211
1651759479,20220505,5873954476,2290000000000,21%,2899000000000,45,232,normal,902,6211
1651761218,20220505,5873954476,2199000000000,24%,2899000000000,35,232,normal,902,6211
1651763270,20220505,5873954476,2290000000000,21%,2899000000000,23,232,normal,902,6211
1651765206,20220505,5873954476,2290000000000,21%,2899000000000,17,232,normal,902,6212
1651768943,20220505,5873954476,2290000000000,21%,2899000000000,16,231,normal,902,6213
1651770522,20220505,5873954476,2320000000000,20%,2899000000000,397,231,normal,903,6214
1651772260,20220505,5873954476,2320000000000,20%,2899000000000,422,231,normal,903,6214
1651773776,20220505,5873954476,2320000000000,20%,2899000000000,424,231,normal,903,6215
1651783049,20220505,5873954476,2320000000000,20%,2899000000000,440,231,normal,903,6215
1651790136,20220505,5873954476,2320000000000,20%,2899000000000,440,231,normal,903,6214
1651793684,20220505,5873954476,2320000000000,20%,2899000000000,442,231,normal,903,6213
1651795808,20220506,5873954476,2320000000000,20%,2899000000000,445,231,normal,903,6213
1651803198,20220506,5873954476,2320000000000,20%,2899000000000,449,231,normal,903,6213
1651805867,20220506,5873954476,2320000000000,20%,2899000000000,455,231,normal,903,6215
1651807354,20220506,5873954476,2320000000000,20%,2899000000000,466,231,normal,903,6216
1651808569,20220506,5873954476,2320000000000,20%,2899000000000,473,231,normal,903,6217
1651809783,20220506,5873954476,2320000000000,20%,2899000000000,475,231,normal,903,6217
1651811963,20220506,5873954476,2320000000000,20%,2899000000000,477,231,normal,903,6217
1651815226,20220506,5873954476,2320000000000,20%,2899000000000,478,231,normal,903,6217
1651819144,20220506,5873954476,2320000000000,20%,2899000000000,479,231,normal,903,6218
1651824196,20220506,5873954476,2320000000000,20%,2899000000000,477,231,normal,904,6218
1651829981,20220506,5873954476,2320000000000,20%,2899000000000,477,231,normal,904,6219
1651833383,20220506,5873954476,2320000000000,20%,2899000000000,477,231,normal,904,6218
1651836771,20220506,5873954476,2320000000000,20%,2899000000000,478,231,normal,904,6219
1651841049,20220506,5873954476,2320000000000,20%,2899000000000,480,231,normal,904,6219
1651845786,20220506,5873954476,2320000000000,20%,2899000000000,479,231,normal,904,6219
1651847621,20220506,5873954476,2320000000000,20%,2899000000000,479,231,normal,905,6219
1651849378,20220506,5873954476,2320000000000,20%,2899000000000,480,231,normal,905,6218
1651851414,20220506,5873954476,2320000000000,20%,2899000000000,481,231,normal,905,6218
1651855325,20220506,5873954476,2320000000000,20%,2899000000000,482,225,normal,905,6219
1651856854,20220506,5873954476,2320000000000,20%,2899000000000,482,225,normal,905,6220
1651858651,20220506,5873954476,2320000000000,20%,2899000000000,483,225,normal,905,6221
1651860185,20220506,5873954476,2320000000000,20%,2899000000000,483,225,normal,905,6222
1651880066,20220506,5873954476,2320000000000,20%,2899000000000,484,225,normal,905,6222
1651882104,20220507,5873954476,2320000000000,20%,2899000000000,484,225,normal,905,6222
1651884417,20220507,5873954476,2320000000000,20%,2899000000000,485,225,normal,905,6222
1651890674,20220507,5873954476,2320000000000,20%,2899000000000,484,225,normal,905,6224
1651893415,20220507,5873954476,2320000000000,20%,2899000000000,485,225,normal,905,6223
1651894847,20220507,5873954476,2320000000000,20%,2899000000000,487,225,normal,905,6223
1651903627,20220507,5873954476,2320000000000,20%,2899000000000,487,225,normal,905,6224
1651905464,20220507,5873954476,2320000000000,20%,2899000000000,486,225,normal,905,6224
1651910605,20220507,5873954476,2320000000000,20%,2899000000000,485,225,normal,905,6224
1651912631,20220507,5873954476,2320000000000,20%,2899000000000,485,225,normal,905,6226
1651914173,20220507,5873954476,2320000000000,20%,2899000000000,485,225,normal,905,6225
1651916049,20220507,5873954476,2320000000000,20%,2899000000000,486,225,normal,905,6225
1651917756,20220507,5873954476,2320000000000,20%,2899000000000,485,225,normal,905,6226
1651921358,20220507,5873954476,2320000000000,20%,2899000000000,485,225,normal,906,6226
1651925262,20220507,5873954476,2320000000000,20%,2899000000000,485,225,normal,906,6227
1651927337,20220507,5873954476,2320000000000,20%,2899000000000,485,225,normal,906,6229
1651932159,20220507,5873954476,2320000000000,20%,2899000000000,486,225,normal,906,6229
1651933969,20220507,5873954476,2320000000000,20%,2899000000000,486,225,normal,907,6228
1651937749,20220507,5873954476,2320000000000,20%,2899000000000,485,225,normal,907,6229
1651939376,20220507,5873954476,2320000000000,20%,2899000000000,485,225,normal,907,6230
1651941618,20220507,5873954476,2320000000000,20%,2899000000000,486,223,normal,907,6231
1651951958,20220507,5873954476,2320000000000,20%,2899000000000,486,223,normal,908,6231
1651968558,20220508,5873954476,2320000000000,20%,2899000000000,486,223,normal,908,6231
1651984774,20220508,5873954476,2320000000000,20%,2899000000000,486,223,normal,908,6232
1651986179,20220508,5873954476,2320000000000,20%,2899000000000,486,223,normal,908,6231
1651993364,20220508,5873954476,2320000000000,20%,2899000000000,486,223,normal,908,6232
1651995183,20220508,5873954476,2320000000000,20%,2899000000000,486,223,normal,909,6233
1651997004,20220508,5873954476,2320000000000,20%,2899000000000,486,223,normal,909,6234
1651999003,20220508,5873954476,2320000000000,20%,2899000000000,485,223,normal,909,6234
1652000565,20220508,5873954476,2320000000000,20%,2899000000000,485,223,normal,909,6235
1652011641,20220508,5873954476,2320000000000,20%,2899000000000,485,223,normal,910,6236
1652013741,20220508,5873954476,2320000000000,20%,2899000000000,484,223,normal,910,6236
1652017018,20220508,5873954476,2320000000000,20%,2899000000000,484,223,normal,910,6237
1652018574,20220508,5873954476,2320000000000,20%,2899000000000,483,223,normal,910,6237
1652022174,20220508,5873954476,2320000000000,20%,2899000000000,482,223,normal,910,6239
1652025762,20220508,5873954476,2320000000000,20%,2899000000000,481,223,normal,910,6239
1652028024,20220508,5873954476,2320000000000,20%,2899000000000,481,222,normal,910,6239
1652029495,20220508,5873954476,2320000000000,20%,2899000000000,481,222,normal,910,6240
1652031301,20220508,5873954476,2320000000000,20%,2899000000000,481,222,normal,910,6241
1652035009,20220508,5873954476,2320000000000,20%,2899000000000,481,222,normal,910,6242
1652050973,20220508,5873954476,2320000000000,20%,2899000000000,480,222,normal,910,6242
1652054954,20220509,5873954476,2320000000000,20%,2899000000000,480,222,normal,910,6242
1652064022,20220509,5873954476,2320000000000,20%,2899000000000,477,222,normal,910,6242
1652066863,20220509,5873954476,2320000000000,20%,2899000000000,480,222,normal,910,6242
1652069400,20220509,5873954476,2320000000000,20%,2899000000000,481,222,normal,910,6242
1652072750,20220509,5873954476,2320000000000,20%,2899000000000,482,222,normal,910,6243
1652078325,20220509,5873954476,2320000000000,20%,2899000000000,482,222,normal,910,6244
1652083677,20220509,5873954476,2320000000000,20%,2899000000000,483,222,normal,910,6245
1652086979,20220509,5873954476,2320000000000,20%,2899000000000,483,222,normal,911,6245
1652088922,20220509,5873954476,2320000000000,20%,2899000000000,483,222,normal,911,6247
1652094175,20220509,5873954476,2320000000000,20%,2899000000000,482,222,normal,911,6247
1652095990,20220509,5873954476,2320000000000,20%,2899000000000,482,222,normal,912,6247
1652100248,20220509,5873954476,2320000000000,20%,2899000000000,481,222,normal,912,6247
1652102062,20220509,5873954476,2320000000000,20%,2899000000000,481,222,normal,912,6246
1652104967,20220509,5873954476,2320000000000,20%,2899000000000,481,222,normal,912,6247
1652110615,20220509,5873954476,2320000000000,20%,2899000000000,481,222,normal,912,6248
1652112530,20220509,5873954476,2320000000000,20%,2899000000000,482,222,normal,912,6249
1652114537,20220509,5873954476,2320000000000,20%,2899000000000,482,220,normal,913,6249
1652116295,20220509,5873954476,2320000000000,20%,2899000000000,482,220,normal,913,6250
1652141314,20220510,5873954476,2320000000000,20%,2899000000000,482,220,normal,913,6250
1652146189,20220510,5873954476,2320000000000,20%,2899000000000,482,220,normal,913,6251
1652148329,20220510,5873954476,2320000000000,20%,2899000000000,482,220,normal,913,6252
1652152211,20220510,5873954476,2320000000000,20%,2899000000000,482,220,normal,914,6252
1652157552,20220510,5873954476,2320000000000,20%,2899000000000,481,220,normal,914,6252
1652158989,20220510,5873954476,2320000000000,20%,2899000000000,481,220,normal,914,6253
