data/history/5873954476.csv
time,date,itemid,price,discount,price_before_discount,stock,sold,item_status,cmt_count,liked_count
1652160828,20220510,5873954476,2320000000000,20%,2899000000000,481,220,normal,914,6254
1652162588,20220510,5873954476,2320000000000,20%,2899000000000,481,220,normal,915,6254
1652170144,20220510,5873954476,2320000000000,20%,2899000000000,482,220,normal,915,6254
1652172161,20220510,5873954476,2320000000000,20%,2899000000000,481,220,normal,916,6254
1652176975,20220510,5873954476,2320000000000,20%,2899000000000,481,220,normal,916,6255
1652180574,20220510,5873954476,2320000000000,20%,2899000000000,391,220,normal,916,6255
1652186816,20220510,5873954476,2320000000000,20%,2899000000000,391,220,normal,916,6256
1652188799,20220510,5873954476,2320000000000,20%,2899000000000,390,220,normal,917,6256
1652193387,20220510,5873954476,2320000000000,20%,2899000000000,390,220,normal,917,6257
1652197299,20220510,5873954476,2320000000000,20%,2899000000000,389,220,normal,918,6257
1652198916,20220510,5873954476,2320000000000,20%,2899000000000,389,220,normal,918,6259
1652200979,20220510,5873954476,2320000000000,20%,2899000000000,389,229,normal,918,6259
1652204611,20220510,5873954476,2320000000000,20%,2899000000000,388,229,normal,918,6260
1652208157,20220510,5873954476,2320000000000,20%,2899000000000,388,229,normal,918,6263
1652227734,20220511,5873954476,2320000000000,20%,2899000000000,388,229,normal,918,6263
1652230047,20220511,5873954476,2320000000000,20%,2899000000000,387,229,normal,918,6264
1652232835,20220511,5873954476,2320000000000,20%,2899000000000,388,229,normal,918,6264
1652236765,20220511,5873954476,2320000000000,20%,2899000000000,388,229,normal,918,6265
1652244253,20220511,5873954476,2320000000000,20%,2899000000000,389,229,normal,918,6267
1652252637,20220511,5873954476,2320000000000,20%,2899000000000,389,229,normal,919,6266
1652261982,20220511,5873954476,2320000000000,20%,2899000000000,389,229,normal,919,6267
1652266997,20220511,5873954476,2320000000000,20%,2899000000000,389,229,normal,919,6268
1652276659,20220511,5873954476,2320000000000,20%,2899000000000,389,229,normal,919,6269
1652281480,20220511,5873954476,2320000000000,20%,2899000000000,388,229,normal,919,6269
1652283416,20220511,5873954476,2320000000000,20%,2899000000000,387,229,normal,919,6270
1652285347,20220511,5873954476,2320000000000,20%,2899000000000,388,229,normal,919,6270
1652287370,20220511,5873954476,2320000000000,20%,2899000000000,388,233,normal,919,6270
1652292460,20220511,5873954476,2320000000000,20%,2899000000000,389,233,normal,919,6270
1652294547,20220511,5873954476,2320000000000,20%,2899000000000,389,233,normal,919,6271
1652312146,20220511,5873954476,2320000000000,20%,2899000000000,389,233,normal,919,6272
1652314226,20220512,5873954476,2320000000000,20%,2899000000000,389,233,normal,919,6272
1652316475,20220512,5873954476,2320000000000,20%,2899000000000,389,233,normal,920,6273
1652323102,20220512,5873954476,2320000000000,20%,2899000000000,389,233,normal,920,6276
1652327071,20220512,5873954476,2320000000000,20%,2899000000000,389,233,normal,920,6277
1652332038,20220512,5873954476,2320000000000,20%,2899000000000,389,233,normal,921,6277
1652337574,20220512,5873954476,2320000000000,20%,2899000000000,389,233,normal,922,6278
1652350068,20220512,5873954476,2320000000000,20%,2899000000000,389,233,normal,922,6279
1652359776,20220512,5873954476,2320000000000,20%,2899000000000,389,233,normal,922,6282
1652361431,20220512,5873954476,2320000000000,20%,2899000000000,388,233,normal,922,6282
1652373792,20220512,5873954476,2320000000000,20%,2899000000000,388,242,normal,922,6282
1652375639,20220512,5873954476,2320000000000,20%,2899000000000,388,242,normal,922,6283
1652377301,20220512,5873954476,2320000000000,20%,2899000000000,388,242,normal,922,6284
1652400721,20220513,5873954476,2320000000000,20%,2899000000000,388,242,normal,922,6284
1652402872,20220513,5873954476,2320000000000,20%,2899000000000,388,242,normal,922,6285
1652410014,20220513,5873954476,2320000000000,20%,2899000000000,388,242,normal,922,6286
1652415768,20220513,5873954476,2320000000000,20%,2899000000000,388,242,normal,922,6288
1652417220,20220513,5873954476,2320000000000,20%,2899000000000,389,242,normal,923,6288
1652419066,20220513,5873954476,2320000000000,20%,2899000000000,389,242,normal,924,6288
1652420681,20220513,5873954476,2320000000000,20%,2899000000000,359,242,normal,924,6288
1652424038,20220513,5873954476,2320000000000,20%,2899000000000,329,242,normal,924,6288
1652425411,20220513,5873954476,2320000000000,20%,2899000000000,294,242,normal,924,6288
1652429341,20220513,5873954476,2320000000000,20%,2899000000000,313,242,normal,924,6288
1652431357,20220513,5873954476,2320000000000,20%,2899000000000,333,242,normal,924,6288
1652432863,20220513,5873954476,2320000000000,20%,2899000000000,333,242,normal,924,6289
1652436463,20220513,5873954476,2320000000000,20%,2899000000000,333,242,normal,924,6288
1652439800,20220513,5873954476,2320000000000,20%,2899000000000,423,242,normal,924,6289
1652443424,20220513,5873954476,2320000000000,20%,2899000000000,348,242,normal,924,6289
1652445957,20220513,5873954476,2320000000000,20%,2899000000000,348,242,normal,924,6290
1652454493,20220513,5873954476,2320000000000,20%,2899000000000,348,242,normal,924,6291
1652456208,20220513,5873954476,2320000000000,20%,2899000000000,258,242,normal,924,6290
1652460159,20220513,5873954476,2320000000000,20%,2899000000000,258,246,normal,924,6290
1652461728,20220513,5873954476,2320000000000,20%,2899000000000,258,246,normal,924,6291
1652487079,20220514,5873954476,2320000000000,20%,2899000000000,258,246,normal,924,6292
1652489274,20220514,5873954476,2320000000000,20%,2899000000000,258,246,normal,924,6293
1652491946,20220514,5873954476,2320000000000,20%,2899000000000,258,246,normal,924,6294
1652496551,20220514,5873954476,2320000000000,20%,2899000000000,256,246,normal,924,6295
1652499967,20220514,5873954476,2320000000000,20%,2899000000000,256,246,normal,925,6295
1652508930,20220514,5873954476,2320000000000,20%,2899000000000,256,246,normal,926,6295
1652517437,20220514,5873954476,2320000000000,20%,2899000000000,256,246,normal,926,6296
1652520870,20220514,5873954476,2320000000000,20%,2899000000000,256,246,normal,926,6297
1652529807,20220514,5873954476,2320000000000,20%,2899000000000,256,246,normal,926,6299
1652544167,20220514,5873954476,2320000000000,20%,2899000000000,256,246,normal,926,6301
1652546477,20220514,5873954476,2320000000000,20%,2899000000000,256,238,normal,926,6301
1652547969,20220514,5873954476,2290000000000,21%,2899000000000,25,238,normal,926,6301
1652549775,20220514,5873954476,2290000000000,21%,2899000000000,28,238,normal,926,6307
1652551376,20220514,5873954476,2290000000000,21%,2899000000000,90,238,normal,926,6308
1652558580,20220514,5873954476,2290000000000,21%,2899000000000,90,238,normal,926,6309
1652573523,20220515,5873954476,2290000000000,21%,2899000000000,90,238,normal,926,6309
1652578327,20220515,5873954476,2290000000000,21%,2899000000000,88,238,normal,926,6311
1652582349,20220515,5873954476,2289000000000,21%,2899000000000,23,238,normal,926,6310
1652584988,20220515,5873954476,2290000000000,21%,2899000000000,86,238,normal,926,6315
1652586240,20220515,5873954476,2290000000000,21%,2899000000000,86,238,normal,926,6316
1652587534,20220515,5873954476,2290000000000,21%,2899000000000,86,238,normal,926,6317
1652589686,20220515,5873954476,2290000000000,21%,2899000000000,86,238,normal,926,6318
1652591120,20220515,5873954476,2290000000000,21%,2899000000000,45,238,normal,926,6318
1652592897,20220515,5873954476,2290000000000,21%,2899000000000,86,238,normal,926,6320
1652594565,20220515,5873954476,2290000000000,21%,2899000000000,45,238,normal,926,6320
1652596687,20220515,5873954476,2290000000000,21%,2899000000000,42,238,normal,926,6321
1652599998,20220515,5873954476,2290000000000,21%,2899000000000,40,238,normal,926,6321
1652601783,20220515,5873954476,2290000000000,21%,2899000000000,90,238,normal,926,6321
1652603816,20220515,5873954476,2290000000000,21%,2899000000000,89,238,normal,926,6322
1652605365,20220515,5873954476,2290000000000,21%,2899000000000,89,238,normal,926,6323
1652607293,20220515,5873954476,2290000000000,21%,2899000000000,87,238,normal,926,6323
1652612558,20220515,5873954476,2290000000000,21%,2899000000000,45,238,normal,926,6324
1652618647,20220515,5873954476,2290000000000,21%,2899000000000,44,238,normal,926,6324
1652620378,20220515,5873954476,2290000000000,21%,2899000000000,42,238,normal,926,6326
1652622015,20220515,5873954476,2290000000000,21%,2899000000000,42,238,normal,926,6327
1652623360,20220515,5873954476,2290000000000,21%,2899000000000,88,238,normal,926,6328
1652625187,20220515,5873954476,2290000000000,21%,2899000000000,88,238,normal,927,6328
1652626975,20220515,5873954476,2290000000000,21%,2899000000000,86,238,normal,927,6328
1652628955,20220515,5873954476,2290000000000,21%,2899000000000,86,238,normal,927,6329
1652632919,20220515,5873954476,2290000000000,21%,2899000000000,86,250,normal,927,6329
1652634406,20220515,5873954476,2320000000000,20%,2899000000000,391,250,normal,927,6330
1652636213,20220515,5873954476,2320000000000,20%,2899000000000,392,250,normal,927,6330
1652639842,20220515,5873954476,2320000000000,20%,2899000000000,478,250,normal,927,6331
1652650407,20220515,5873954476,2320000000000,20%,2899000000000,478,250,normal,927,6330
1652654082,20220515,5873954476,2320000000000,20%,2899000000000,478,250,normal,927,6331
1652659867,20220516,5873954476,2320000000000,20%,2899000000000,478,250,normal,927,6331
1652668304,20220516,5873954476,2320000000000,20%,2899000000000,478,250,normal,927,6332
1652671067,20220516,5873954476,2320000000000,20%,2899000000000,480,250,normal,927,6332
1652673832,20220516,5873954476,2320000000000,20%,2899000000000,480,250,normal,927,6333
1652676148,20220516,5873954476,2320000000000,20%,2899000000000,482,250,normal,927,6332
1652677600,20220516,5873954476,2320000000000,20%,2899000000000,482,250,normal,927,6333
1652686520,20220516,5873954476,2320000000000,20%,2899000000000,486,250,normal,927,6333
1652688203,20220516,5873954476,2320000000000,20%,2899000000000,486,250,normal,928,6333
1652690616,20220516,5873954476,2320000000000,20%,2899000000000,485,250,normal,928,6333
1652693708,20220516,5873954476,2320000000000,20%,2899000000000,486,250,normal,928,6333
1652698960,20220516,5873954476,2320000000000,20%,2899000000000,486,250,normal,928,6334
1652706907,20220516,5873954476,2320000000000,20%,2899000000000,487,250,normal,928,6335
1652708709,20220516,5873954476,2320000000000,20%,2899000000000,485,250,normal,928,6334
1652709854,20220516,5873954476,2320000000000,20%,2899000000000,485,250,normal,928,6333
1652716974,20220516,5873954476,2320000000000,20%,2899000000000,485,250,normal,928,6334
1652719353,20220516,5873954476,2320000000000,20%,2899000000000,485,249,normal,928,6337
1652722655,20220516,5873954476,2320000000000,20%,2899000000000,485,249,normal,928,6338
1652730192,20220516,5873954476,2320000000000,20%,2899000000000,485,249,normal,928,6339
1652746218,20220517,5873954476,2320000000000,20%,2899000000000,485,249,normal,928,6339
1652748418,20220517,5873954476,2320000000000,20%,2899000000000,485,249,normal,928,6340
1652755308,20220517,5873954476,2320000000000,20%,2899000000000,488,249,normal,928,6341
1652758177,20220517,5873954476,2320000000000,20%,2899000000000,487,249,normal,928,6341
1652760713,20220517,5873954476,2320000000000,20%,2899000000000,487,249,normal,928,6342
1652765780,20220517,5873954476,2320000000000,20%,2899000000000,486,249,normal,928,6342
1652767422,20220517,5873954476,2320000000000,20%,2899000000000,487,249,normal,928,6342
1652772834,20220517,5873954476,2320000000000,20%,2899000000000,487,249,normal,928,6343
1652774599,20220517,5873954476,2320000000000,20%,2899000000000,487,249,normal,929,6343
1652776685,20220517,5873954476,2320000000000,20%,2899000000000,487,249,normal,931,6343
1652778175,20220517,5873954476,2320000000000,20%,2899000000000,486,249,normal,931,6343
1652783813,20220517,5873954476,2320000000000,20%,2899000000000,486,249,normal,931,6344
1652791476,20220517,5873954476,2320000000000,20%,2899000000000,485,249,normal,931,6344
1652793254,20220517,5873954476,2320000000000,20%,2899000000000,485,249,normal,931,6343
1652795195,20220517,5873954476,2320000000000,20%,2899000000000,485,249,normal,931,6344
1652797988,20220517,5873954476,2320000000000,20%,2899000000000,485,249,normal,931,6345
1652800056,20220517,5873954476,2320000000000,20%,2899000000000,485,249,normal,931,6344
1652801800,20220517,5873954476,2320000000000,20%,2899000000000,485,249,normal,931,6345
1652803386,20220517,5873954476,2320000000000,20%,2899000000000,485,249,normal,932,6345
1652805777,20220517,5873954476,2320000000000,20%,2899000000000,485,252,normal,932,6345
1652807276,20220517,5873954476,2320000000000,20%,2899000000000,485,252,normal,932,6346
1652809060,20220517,5873954476,2320000000000,20%,2899000000000,485,252,normal,932,6347
1652826935,20220517,5873954476,2320000000000,20%,2899000000000,485,252,normal,932,6348
1652832597,20220518,5873954476,2320000000000,20%,2899000000000,485,252,normal,932,6348
1652834787,20220518,5873954476,2320000000000,20%,2899000000000,485,252,normal,932,6349
1652837478,20220518,5873954476,2320000000000,20%,2899000000000,485,252,normal,933,6349
1652841501,20220518,5873954476,2320000000000,20%,2899000000000,484,252,normal,934,6350
1652844423,20220518,5873954476,2320000000000,20%,2899000000000,484,252,normal,935,6350
1652845743,20220518,5873954476,2320000000000,20%,2899000000000,483,252,normal,935,6350
1652846934,20220518,5873954476,2320000000000,20%,2899000000000,483,252,normal,935,6349
1652853785,20220518,5873954476,2320000000000,20%,2899000000000,482,252,normal,935,6351
1652857365,20220518,5873954476,2320000000000,20%,2899000000000,482,252,normal,935,6352
1652859236,20220518,5873954476,2320000000000,20%,2899000000000,482,252,normal,935,6351
1652861014,20220518,5873954476,2320000000000,20%,2899000000000,481,252,normal,935,6351
1652864568,20220518,5873954476,2320000000000,20%,2899000000000,482,252,normal,935,6351
1652866523,20220518,5873954476,2320000000000,20%,2899000000000,482,252,normal,935,6352
1652868174,20220518,5873954476,2320000000000,20%,2899000000000,482,252,normal,935,6353
1652870197,20220518,5873954476,2320000000000,20%,2899000000000,482,252,normal,935,6352
1652873574,20220518,5873954476,2320000000000,20%,2899000000000,481,252,normal,935,6352
1652875426,20220518,5873954476,2320000000000,20%,2899000000000,481,252,normal,935,6353
1652877872,20220518,5873954476,2320000000000,20%,2899000000000,481,252,normal,935,6355
1652879768,20220518,5873954476,2320000000000,20%,2899000000000,480,252,normal,935,6354
1652884521,20220518,5873954476,2320000000000,20%,2899000000000,480,252,normal,936,6354
1652888207,20220518,5873954476,2320000000000,20%,2899000000000,481,252,normal,936,6354
1652892144,20220518,5873954476,2320000000000,20%,2899000000000,481,266,normal,936,6356
1652918944,20220519,5873954476,2320000000000,20%,2899000000000,481,266,normal,936,6356
1652923852,20220519,5873954476,2320000000000,20%,2899000000000,481,266,normal,936,6357
1652928247,20220519,5873954476,2320000000000,20%,2899000000000,480,266,normal,936,6359
1652930998,20220519,5873954476,2320000000000,20%,2899000000000,478,266,normal,938,6359
1652933483,20220519,5873954476,2320000000000,20%,2899000000000,477,266,normal,938,6359
1652935370,20220519,5873954476,2320000000000,20%,2899000000000,477,266,normal,938,6360
1652942364,20220519,5873954476,2320000000000,20%,2899000000000,481,266,normal,938,6360
1652943775,20220519,5873954476,2320000000000,20%,2899000000000,481,266,normal,938,6361
1652945607,20220519,5873954476,2320000000000,20%,2899000000000,481,266,normal,938,6362
1652949487,20220519,5873954476,2320000000000,20%,2899000000000,480,266,normal,939,6362
1652952923,20220519,5873954476,2320000000000,20%,2899000000000,479,266,normal,939,6362
1652954597,20220519,5873954476,2320000000000,20%,2899000000000,478,266,normal,939,6362
1652956634,20220519,5873954476,2320000000000,20%,2899000000000,479,266,normal,939,6362
1652959986,20220519,5873954476,2320000000000,20%,2899000000000,479,266,normal,939,6363
1652961852,20220519,5873954476,2320000000000,20%,2899000000000,478,266,normal,939,6363
1652964294,20220519,5873954476,2320000000000,20%,2899000000000,479,266,normal,939,6363
1652967850,20220519,5873954476,2320000000000,20%,2899000000000,479,266,normal,939,6362
1652972602,20220519,5873954476,2320000000000,20%,2899000000000,478,266,normal,939,6362
1652976601,20220519,5873954476,2320000000000,20%,2899000000000,478,270,normal,939,6363
1652978720,20220519,5873954476,2320000000000,20%,2899000000000,478,270,normal,940,6363
1652987019,20220519,5873954476,2320000000000,20%,2899000000000,478,270,normal,940,6364
1652996061,20220519,5873954476,2320000000000,20%,2899000000000,478,270,normal,940,6365
1652997782,20220519,5873954476,2320000000000,20%,2899000000000,477,270,normal,940,6365
1653005360,20220520,5873954476,2320000000000,20%,2899000000000,477,270,normal,940,6365
1653007628,20220520,5873954476,2320000000000,20%,2899000000000,476,270,normal,940,6365
1653014276,20220520,5873954476,2320000000000,20%,2899000000000,476,270,normal,940,6367
1653017113,20220520,5873954476,2320000000000,20%,2899000000000,476,270,normal,940,6368
1653018341,20220520,5873954476,2320000000000,20%,2899000000000,476,270,normal,940,6369
1653019683,20220520,5873954476,2320000000000,20%,2899000000000,468,270,normal,940,6370
1653021661,20220520,5873954476,2320000000000,20%,2899000000000,462,270,normal,940,6370
1653026581,20220520,5873954476,2320000000000,20%,2899000000000,464,270,normal,940,6370
1653035880,20220520,5873954476,2320000000000,20%,2899000000000,463,270,normal,940,6370
1653037369,20220520,5873954476,2320000000000,20%,2899000000000,462,270,normal,940,6371
1653043011,20220520,5873954476,2320000000000,20%,2899000000000,462,270,normal,940,6372
1653044576,20220520,5873954476,2320000000000,20%,2899000000000,462,270,normal,941,6372
