data/history/5873954476.csv
time,date,itemid,price,discount,price_before_discount,stock,sold,item_status,cmt_count,liked_count
1655976872,20220623,5873954476,2260000000000,22%,2899000000000,252,222,normal,1007,6799
1655982168,20220623,5873954476,2260000000000,22%,2899000000000,252,222,normal,1007,6800
1655985818,20220623,5873954476,2260000000000,22%,2899000000000,252,222,normal,1007,6802
1655988291,20220623,5873954476,2260000000000,22%,2899000000000,251,222,normal,1007,6802
1655990102,20220623,5873954476,2260000000000,22%,2899000000000,251,222,normal,1007,6803
1655996594,20220623,5873954476,2260000000000,22%,2899000000000,252,222,normal,1007,6803
1655998620,20220623,5873954476,2260000000000,22%,2899000000000,252,222,normal,1007,6801
1656000174,20220623,5873954476,2260000000000,22%,2899000000000,252,222,normal,1007,6802
1656002460,20220623,5873954476,2260000000000,22%,2899000000000,251,213,normal,1007,6801
1656007403,20220623,5873954476,2260000000000,22%,2899000000000,250,213,normal,1007,6801
1656010953,20220623,5873954476,2260000000000,22%,2899000000000,250,213,normal,1007,6802
1656014579,20220623,5873954476,2260000000000,22%,2899000000000,250,213,normal,1007,6803
1656029347,20220624,5873954476,2260000000000,22%,2899000000000,250,213,normal,1007,6803
1656044087,20220624,5873954476,2260000000000,22%,2899000000000,249,213,normal,1008,6803
1656045849,20220624,5873954476,2260000000000,22%,2899000000000,252,213,normal,1008,6803
1656047239,20220624,5873954476,2260000000000,22%,2899000000000,257,213,normal,1008,6803
1656050585,20220624,5873954476,2260000000000,22%,2899000000000,257,213,normal,1009,6803
1656052666,20220624,5873954476,2260000000000,22%,2899000000000,257,213,normal,1009,6804
1656054163,20220624,5873954476,2260000000000,22%,2899000000000,256,213,normal,1009,6804
1656057874,20220624,5873954476,2260000000000,22%,2899000000000,254,213,normal,1009,6804
1656061363,20220624,5873954476,2260000000000,22%,2899000000000,227,213,normal,1009,6804
1656063259,20220624,5873954476,2260000000000,22%,2899000000000,227,213,normal,1009,6805
1656092135,20220624,5873954476,2239000000000,23%,2899000000000,99,211,normal,1009,6816
1656095883,20220624,5873954476,2239000000000,23%,2899000000000,99,211,normal,1009,6817
1656099129,20220624,5873954476,2239000000000,23%,2899000000000,97,211,normal,1009,6818
1656100972,20220624,5873954476,2239000000000,23%,2899000000000,96,211,normal,1009,6818
1656108172,20220624,5873954476,2239000000000,23%,2899000000000,96,211,normal,1009,6819
1656120783,20220625,5873954476,2239000000000,23%,2899000000000,95,211,normal,1009,6820
1656125135,20220625,5873954476,2239000000000,23%,2899000000000,94,211,normal,1009,6821
1656127831,20220625,5873954476,2239000000000,23%,2899000000000,93,211,normal,1009,6821
1656130163,20220625,5873954476,2239000000000,23%,2899000000000,93,211,normal,1009,6820
1656132004,20220625,5873954476,2239000000000,23%,2899000000000,92,211,normal,1009,6822
1656133369,20220625,5873954476,2239000000000,23%,2899000000000,91,211,normal,1009,6822
1656135153,20220625,5873954476,2239000000000,23%,2899000000000,91,211,normal,1009,6823
1656140557,20220625,5873954476,2239000000000,23%,2899000000000,90,211,normal,1009,6823
1656144178,20220625,5873954476,2239000000000,23%,2899000000000,89,211,normal,1009,6823
1656147763,20220625,5873954476,2239000000000,23%,2899000000000,87,211,normal,1009,6823
1656154978,20220625,5873954476,2239000000000,23%,2899000000000,87,211,normal,1009,6825
1656162452,20220625,5873954476,2239000000000,23%,2899000000000,87,211,normal,1009,6826
1656164165,20220625,5873954476,2239000000000,23%,2899000000000,86,211,normal,1009,6826
1656167543,20220625,5873954476,2239000000000,23%,2899000000000,85,211,normal,1009,6828
1656172969,20220625,5873954476,2239000000000,23%,2899000000000,84,211,normal,1009,6829
1656175178,20220625,5873954476,2239000000000,23%,2899000000000,82,209,normal,1009,6829
1656176613,20220625,5873954476,2260000000000,22%,2899000000000,185,209,normal,1009,6829
1656182192,20220625,5873954476,2260000000000,22%,2899000000000,187,209,normal,1010,6830
1656185533,20220625,5873954476,2260000000000,22%,2899000000000,188,209,normal,1010,6830
1656187408,20220625,5873954476,2260000000000,22%,2899000000000,189,209,normal,1010,6830
1656196442,20220625,5873954476,2260000000000,22%,2899000000000,190,209,normal,1010,6830
1656198169,20220625,5873954476,2260000000000,22%,2899000000000,190,209,normal,1010,6831
1656202287,20220626,5873954476,2260000000000,22%,2899000000000,190,209,normal,1010,6831
1656207252,20220626,5873954476,2260000000000,22%,2899000000000,190,209,normal,1010,6833
1656214288,20220626,5873954476,2290000000000,21%,2899000000000,26,209,normal,1010,6834
1656219852,20220626,5873954476,2260000000000,22%,2899000000000,217,209,normal,1010,6834
1656225395,20220626,5873954476,2260000000000,22%,2899000000000,217,209,normal,1010,6835
1656230618,20220626,5873954476,2260000000000,22%,2899000000000,217,209,normal,1010,6834
1656237774,20220626,5873954476,2260000000000,22%,2899000000000,216,209,normal,1010,6836
1656243128,20220626,5873954476,2260000000000,22%,2899000000000,216,209,normal,1010,6838
1656250567,20220626,5873954476,2260000000000,22%,2899000000000,216,209,normal,1010,6839
1656261576,20220626,5873954476,2260000000000,22%,2899000000000,216,207,normal,1010,6841
1656266581,20220626,5873954476,2260000000000,22%,2899000000000,216,207,normal,1010,6843
1656277364,20220626,5873954476,2260000000000,22%,2899000000000,217,207,normal,1010,6844
1656288583,20220627,5873954476,2260000000000,22%,2899000000000,217,207,normal,1010,6845
1656293577,20220627,5873954476,2260000000000,22%,2899000000000,216,207,normal,1010,6845
1656301001,20220627,5873954476,2290000000000,21%,2899000000000,25,207,normal,1010,6849
1656306689,20220627,5873954476,2260000000000,22%,2899000000000,242,207,normal,1010,6850
1656308269,20220627,5873954476,2260000000000,22%,2899000000000,242,207,normal,1010,6851
1656312009,20220627,5873954476,2260000000000,22%,2899000000000,243,207,normal,1010,6851
1656320566,20220627,5873954476,2260000000000,22%,2899000000000,215,207,normal,1010,6852
1656329568,20220627,5873954476,2260000000000,22%,2899000000000,214,207,normal,1010,6851
1656335761,20220627,5873954476,2260000000000,22%,2899000000000,214,207,normal,1010,6853
1656345786,20220627,5873954476,2260000000000,22%,2899000000000,214,207,normal,1010,6857
1656348166,20220627,5873954476,2260000000000,22%,2899000000000,214,204,normal,1010,6857
1656351452,20220627,5873954476,2260000000000,22%,2899000000000,214,204,normal,1010,6858
1656363757,20220627,5873954476,2260000000000,22%,2899000000000,214,204,normal,1010,6860
1656365626,20220627,5873954476,2260000000000,22%,2899000000000,214,204,normal,1010,6861
1656369258,20220627,5873954476,2260000000000,22%,2899000000000,214,204,normal,1010,6863
1656375124,20220628,5873954476,2260000000000,22%,2899000000000,215,204,normal,1010,6866
1656384366,20220628,5873954476,2255000000000,22%,2899000000000,25,204,normal,1010,6868
1656387135,20220628,5873954476,2255000000000,22%,2899000000000,24,204,normal,1010,6868
1656389886,20220628,5873954476,2255000000000,22%,2899000000000,22,204,normal,1010,6870
1660588736,20220815,5873954476,2260000000000,22%,2899000000000,2,153,normal,1090,7621
1671698023,20221222,5873954476,2899000000000,,0,49,0,normal,1093,7602
1673640166,20230113,5873954476,2218900000000,23%,2899000000000,47,2,normal,1094,7669
1676641332,20230217,5873954476,3031559112722,31%,4396443155468,1,17,normal,1861,4
1676642562,20230217,5873954476,2640579627054,31%,3829434886858,1,28,normal,1901,2
1676644338,20230217,5873954476,2390282386919,31%,3466447543611,1,16,normal,1634,5
1676646177,20230217,5873954476,2375724537249,31%,3445335384435,1,29,normal,1467,12
1676647966,20230217,5873954476,3215149293158,31%,4662690245555,14,21,normal,1663,10
1676649763,20230217,5873954476,2295268323762,31%,3328655763174,1,15,normal,1148,4
1676651854,20230217,5873954476,2318936932407,31%,3362980573811,1,29,normal,2175,4
1676653372,20230217,5873954476,2647482241695,31%,3839445231953,9,12,normal,1892,1
1676655142,20230217,5873954476,2606794578110,31%,3780438960451,9,11,normal,1421,0
1676656969,20230217,5873954476,2913149721671,31%,4224722883003,30,20,normal,1435,8
1676658880,20230217,5873954476,3143036761586,31%,4558110841340,9,16,normal,1523,1
1676660558,20230217,5873954476,2705545338933,31%,3923649793681,2,11,normal,1399,3
1676662336,20230217,5873954476,2276147394040,31%,3300926110716,20,30,normal,2098,12
1676664182,20230217,5873954476,3148607687238,31%,4566189937620,8,17,normal,1787,1
1676665930,20230217,5873954476,2559170046203,31%,3711372668306,9,31,normal,1785,12
1676667764,20230217,5873954476,2828612446155,31%,4102124803103,9,35,normal,1684,14
1676669530,20230217,5873954476,2719461966089,31%,3943832035863,2,16,normal,2113,6
1676671368,20230217,5873954476,3501597507670,31%,5078104639687,6,31,normal,1679,1
1676673163,20230217,5873954476,2434102203569,31%,3529996142144,36,20,normal,1869,3
1676674975,20230217,5873954476,2392913570020,31%,3470263351420,6,34,normal,2001,14
1676676733,20230217,5873954476,2289452968269,31%,3320222188600,30,28,normal,1705,11
1676678962,20230218,5873954476,2532317250609,31%,3672430069793,2,13,normal,1928,3
1676681224,20230218,5873954476,2507763309576,31%,3636821327895,17,15,normal,1538,1
1676683784,20230218,5873954476,2538018811755,31%,3680698616948,2,31,normal,1204,4
1676685902,20230218,5873954476,2644639457893,31%,3835322555494,2,31,normal,1435,13
1676688271,20230218,5873954476,2206021396904,31%,3199227628627,6,31,normal,1281,14
1676689386,20230218,5873954476,2996699994492,31%,4345889586810,2,27,normal,1944,10
1676691131,20230218,5873954476,3483814870011,31%,5052315811987,30,26,normal,1731,1
1676693060,20230218,5873954476,3582429727207,31%,5195329554363,9,17,normal,2071,8
1676695272,20230218,5873954476,3043264448199,31%,4413418526928,21,29,normal,2082,10
1676696565,20230218,5873954476,3009923734702,31%,4365066986944,9,29,normal,1790,3
1676698338,20230218,5873954476,3133834657741,31%,4544765719256,4,32,normal,1231,4
1676700175,20230218,5873954476,3143483561803,31%,4558758802235,38,24,normal,1322,9
1676702051,20230218,5873954476,2957086038067,31%,4288440432395,63,29,normal,1980,2
1676703768,20230218,5873954476,3051444395253,31%,4425281291566,38,31,normal,1452,0
1676705524,20230218,5873954476,3482915486874,31%,5051011503976,3,24,normal,2122,0
1676707368,20230218,5873954476,3088563536569,31%,4479112402458,17,28,normal,1287,4
1676709241,20230218,5873954476,3291094509254,31%,4772827905116,43,18,normal,2074,3
1676710970,20230218,5873954476,2877411927701,31%,4172895036721,1,15,normal,1437,0
1676712728,20230218,5873954476,3516052724364,31%,5099067957946,1,16,normal,1995,6
1676714559,20230218,5873954476,3162927050331,31%,4586956237574,13,23,normal,1216,8
1676716353,20230218,5873954476,3313553896291,31%,4805399072210,1,24,normal,1206,10
1676718174,20230218,5873954476,3482915486874,31%,5051011503976,1,24,normal,2122,0
1676719923,20230218,5873954476,2639365558126,31%,3827674213611,9,33,normal,1863,4
1676721801,20230218,5873954476,2467070139859,31%,3577807071261,9,17,normal,1628,3
1676724055,20230218,5873954476,3310808903922,31%,4801418215343,1,15,normal,1246,7
1676725541,20230218,5873954476,2357935309063,31%,3419536998987,9,14,normal,1891,0
1676727146,20230218,5873954476,2749099803301,31%,3986813571671,14,29,normal,1693,10
1676728965,20230218,5873954476,3429161782171,31%,4973056531523,1,19,normal,1241,8
1676730733,20230218,5873954476,3495108889010,31%,5068694681962,14,14,normal,1835,2
1676732556,20230218,5873954476,2765526586397,31%,4010636105034,8,14,normal,1176,4
1676734328,20230218,5873954476,2902080114865,31%,4208669461228,13,13,normal,2051,6
1676736163,20230218,5873954476,3319361958393,31%,4813822069726,13,18,normal,1512,8
1676738207,20230218,5873954476,3162927050331,31%,4586956237574,13,23,normal,1216,8
1676739763,20230218,5873954476,2383128159826,31%,3456072303820,30,18,normal,1965,1
1676741536,20230218,5873954476,2738079729598,31%,3970831984044,30,17,normal,2155,0
1676743376,20230218,5873954476,3591705672105,31%,5208781762598,16,28,normal,2124,3
1676745215,20230218,5873954476,2902080114865,31%,4208669461228,35,13,normal,2051,6
1676746956,20230218,5873954476,2502008460143,31%,3628475500728,35,19,normal,1592,0
1676748721,20230218,5873954476,2877411927701,31%,4172895036721,2,15,normal,1437,0
1676750565,20230218,5873954476,2968758895774,31%,4305368703777,8,14,normal,1738,0
1676752330,20230218,5873954476,3480185335495,31%,5047052169886,9,30,normal,1484,10
1676754165,20230218,5873954476,3423089840827,31%,4964250849704,2,15,normal,1881,5
1676755936,20230218,5873954476,3397527057963,31%,4927179060047,21,33,normal,1566,14
1676757765,20230218,5873954476,3054280428201,31%,4429394177766,21,34,normal,1596,0
1676759535,20230218,5873954476,3580772702462,31%,5192926495467,16,28,normal,1596,6
1676761364,20230218,5873954476,2724037004827,31%,3950466871933,30,15,normal,1103,6
1676763136,20230218,5873954476,2265639780372,31%,3285687705503,2,22,normal,1396,4
1676765442,20230219,5873954476,3272222190640,31%,4745458794731,16,35,normal,1963,6
1676767613,20230219,5873954476,2788858618386,31%,4044472803752,2,26,normal,2142,12
1676773677,20230219,5873954476,3228493050222,31%,4682041697146,8,33,normal,1459,13
1676774926,20230219,5873954476,2788858618386,31%,4044472803752,2,26,normal,2142,12
1676775995,20230219,5873954476,2851468924518,31%,4135271842010,20,27,normal,1274,8
1676777633,20230219,5873954476,2934071034011,31%,4255063495547,34,17,normal,1220,2
1676779367,20230219,5873954476,3147626536268,31%,4564767047845,22,26,normal,1470,5
1676781269,20230219,5873954476,2690299929652,31%,3901540518289,17,27,normal,2018,1
1676782973,20230219,5873954476,3547580668618,31%,5144790574449,21,19,normal,1910,3
1676784724,20230219,5873954476,3511045077779,31%,5091805743113,9,24,normal,1811,2
1676786582,20230219,5873954476,3395787188665,31%,4924655857899,9,31,normal,1780,6
1676788459,20230219,5873954476,2208917880809,31%,3203428182324,29,32,normal,1650,5
1676790150,20230219,5873954476,2252476158667,31%,3266597490733,67,15,normal,1787,1
1676791925,20230219,5873954476,3577621740251,31%,5188356890940,61,21,normal,1876,7
1676793773,20230219,5873954476,3140513328195,31%,4554451294866,3,23,normal,1476,4
1676795646,20230219,5873954476,2943053507625,31%,4268090104354,17,27,normal,2035,2
1676797366,20230219,5873954476,3436502439226,31%,4983702136727,85,22,normal,1761,2
1676799140,20230219,5873954476,2535765606075,31%,3677430961486,5,24,normal,1772,5
1676800963,20230219,5873954476,2670645183948,31%,3873036712489,114,24,normal,1180,5
1676802772,20230219,5873954476,3209472053313,31%,4654456969763,24,20,normal,1984,8
1676804552,20230219,5873954476,3487842378062,31%,5058156605304,4,34,normal,1716,6
1676806322,20230219,5873954476,2397877835742,31%,3477462654236,14,19,normal,1746,5
1676808206,20230219,5873954476,2934071034011,31%,4255063495547,69,17,normal,1220,2
1676810463,20230219,5873954476,3319361958393,31%,4813822069726,73,18,normal,1512,8
1676811956,20230219,5873954476,3545545438827,31%,5141839033097,24,34,normal,1692,14
1676813556,20230219,5873954476,2870653309801,31%,4163093519316,4,34,normal,2115,11
1676815359,20230219,5873954476,2750763479391,31%,3989226276516,36,16,normal,2098,6
1676817121,20230219,5873954476,2757636292524,31%,3999193402715,14,33,normal,1988,15
1676818977,20230219,5873954476,2656047969196,31%,3851867465083,21,29,normal,2181,9
1676820723,20230219,5873954476,3109116120812,31%,4508918276255,82,29,normal,2096,5
1676822569,20230219,5873954476,3343012855217,31%,4848121194234,8,33,normal,1419,7
1676824592,20230219,5873954476,2656047969196,31%,3851867465083,9,29,normal,2181,9
1676826164,20230219,5873954476,3482915486874,31%,5051011503976,2,24,normal,2122,0
1676827929,20230219,5873954476,2592092427473,31%,3759117532388,39,15,normal,1457,2
1676829776,20230219,5873954476,3557272175526,31%,5158845441146,16,20,normal,1350,9
1676831612,20230219,5873954476,2732128591478,31%,3962201494094,2,27,normal,1246,8
1676833349,20230219,5873954476,2862119460955,31%,4150717517413,41,26,normal,1562,5
1676835119,20230219,5873954476,3461852816454,31%,5020465890395,33,26,normal,1105,2
1676836964,20230219,5873954476,2915635840056,31%,4228328314319,2,21,normal,1549,2
1676838735,20230219,5873954476,3286928306018,31%,4766785972559,2,30,normal,1234,9
1676840570,20230219,5873954476,2447698569197,31%,3549713933018,17,17,normal,2073,0
1676842334,20230219,5873954476,3367049703698,31%,4882980035528,35,26,normal,1687,8
1676844167,20230219,5873954476,2768692535527,31%,4015227443969,16,20,normal,1123,4
1676845928,20230219,5873954476,2945228544032,31%,4271244396773,34,32,normal,1929,12
1676847768,20230219,5873954476,2411746229543,31%,3497574947197,6,15,normal,1785,3
1676849528,20230219,5873954476,3557717898398,31%,5159491839648,8,19,normal,1366,2
1676851843,20230220,5873954476,3275686121571,31%,4750482274355,20,26,normal,2101,12
1676854034,20230220,5873954476,3391084599012,31%,4917836044290,17,12,normal,1152,4
1676856648,20230220,5873954476,3117973064187,31%,4521762837958,6,27,normal,1919,10
1676860117,20230220,5873954476,2474732760572,31%,3588919596248,9,18,normal,2047,6
1676861398,20230220,5873954476,3014669262914,31%,4371949071129,6,22,normal,2085,1
1676862485,20230220,5873954476,2585240887857,31%,3749181257578,8,24,normal,1930,1
1676864086,20230220,5873954476,2750763479391,31%,3989226276516,17,15,normal,2099,6
1676865765,20230220,5873954476,2488276617643,31%,3608561237893,30,25,normal,2153,2
1676867718,20230220,5873954476,3227156639970,31%,4680103601437,9,27,normal,1361,2
1676869363,20230220,5873954476,3504696918821,31%,5082599483573,40,24,normal,1576,0
1676871137,20230220,5873954476,2309839868524,31%,3349787783318,8,30,normal,1796,13
1676872994,20230220,5873954476,3201115553355,31%,4642338163671,20,30,normal,1790,14
1676874932,20230220,5873954476,2484311153361,31%,3602810422008,41,24,normal,2186,9
1676876568,20230220,5873954476,3215149293158,31%,4662690245555,41,21,normal,1665,10
