data/history/5873954476.csv
time,date,itemid,price,discount,price_before_discount,stock,sold,item_status,cmt_count,liked_count
1676878333,20230220,5873954476,2255613640540,31%,3271147545735,2,16,normal,1538,6
1676880211,20230220,5873954476,3201115553355,31%,4642338163671,20,30,normal,1790,14
1676882134,20230220,5873954476,2727053168624,31%,3954840988414,6,18,normal,1280,7
1676883777,20230220,5873954476,2670355798476,31%,3872617038410,36,17,normal,1977,1
1676885554,20230220,5873954476,2842071394848,31%,4121643308487,2,19,normal,1670,3
1676887406,20230220,5873954476,2863715773701,31%,4153032530245,39,24,normal,1661,3
1676889283,20230220,5873954476,3354279711870,25%,4471036316480,3,19,normal,1138,7
1676890958,20230220,5873954476,3258856439562,25%,4343843311550,3,17,normal,1626,6
1676892741,20230220,5873954476,3202024549141,25%,4268090104354,3,25,normal,2039,2
1676894627,20230220,5873954476,2846954786399,25%,3794805244274,5,29,normal,1506,2
1676896954,20230220,5873954476,2731058805461,25%,3640323452588,5,29,normal,1903,2
1676898437,20230220,5873954476,3854321725570,25%,5137559741794,5,15,normal,2060,1
1676900079,20230220,5873954476,3377794212945,25%,4502379614386,3,15,normal,2000,2
1676901757,20230220,5873954476,2961596467732,25%,3947615136307,4,28,normal,1187,6
1676903554,20230220,5873954476,3480660523919,25%,4639493704925,5,28,normal,1809,1
1676905361,20230220,5873954476,2666432522463,25%,3554180827910,2,31,normal,1742,6
1676907163,20230220,5873954476,3301652759300,25%,4400888017477,3,16,normal,1716,0
1676908970,20230220,5873954476,2965127600107,25%,3952321905702,4,22,normal,1219,6
1676911050,20230220,5873954476,3274433101515,25%,4364605987077,5,19,normal,1251,8
1676912571,20230220,5873954476,3090115985522,25%,4118923280165,3,11,normal,2124,1
1676914329,20230220,5873954476,3755837430247,25%,5006286592619,5,23,normal,1562,4
1676916180,20230220,5873954476,3018232563717,25%,4023107362277,2,22,normal,2120,10
1676918067,20230220,5873954476,3355663709838,25%,4472881095600,5,31,normal,1151,2
1676919748,20230220,5873954476,3130606904230,25%,4172895036721,2,13,normal,1440,0
1676921524,20230220,5873954476,3503504216648,25%,4669942859010,4,17,normal,1394,4
1676923369,20230220,5873954476,3339137226484,25%,4450852370030,4,23,normal,1101,4
1676925133,20230220,5873954476,3034261435281,25%,4044472803752,2,31,normal,2146,15
1676926967,20230220,5873954476,3867276152907,25%,5154827149422,5,31,normal,1559,13
1676928729,20230220,5873954476,2877351854413,25%,3835322555494,2,36,normal,1438,15
1676930561,20230220,5873954476,2875402517330,25%,3832724216167,5,32,normal,1196,13
1676932339,20230220,5873954476,3059205959146,25%,4077722228868,4,25,normal,1168,8
1676934162,20230220,5873954476,3133923701903,25%,4177316111921,2,32,normal,1649,11
1676935933,20230220,5873954476,3009162774181,25%,4011017923744,3,17,normal,1996,0
1676938185,20230221,5873954476,2799724334365,25%,3731850128890,2,27,normal,1901,4
1676940415,20230221,5873954476,2766590899368,25%,3687685418764,2,27,normal,2107,8
1676943019,20230221,5873954476,3330808769895,25%,4439751080016,5,20,normal,1976,4
1676945236,20230221,5873954476,2645887776749,25%,3526796020413,2,18,normal,1236,2
1676947574,20230221,5873954476,2913160999159,25%,3883053812388,2,29,normal,1453,11
1676948872,20230221,5873954476,2601963062563,25%,3468247238205,4,25,normal,1831,9
1676950473,20230221,5873954476,3624805739695,25%,4831629886144,4,28,normal,1673,6
1676952185,20230221,5873954476,3895859204895,25%,5192926495467,4,33,normal,1600,7
1676954105,20230221,5873954476,3318583472536,25%,4423455555143,3,28,normal,1205,13
1676955764,20230221,5873954476,2778370087374,25%,3703386308932,3,15,normal,2136,1
1676957529,20230221,5873954476,3531410863775,25%,4707140601446,3,18,normal,1697,0
1676959396,20230221,5873954476,2999853581263,25%,3998609376101,5,19,normal,1865,7
1676961268,20230221,5873954476,3059205959146,25%,4077722228868,4,25,normal,1169,8
1676962978,20230221,5873954476,3253913939571,25%,4337255281079,4,26,normal,1655,4
1676964745,20230221,5873954476,3480660523919,25%,4639493704925,5,36,normal,1812,1
1676966586,20230221,5873954476,3167287234350,25%,4221787526958,5,37,normal,1512,11
1676968502,20230221,5873954476,2869365425578,25%,3824677166192,2,16,normal,1262,2
1676970174,20230221,5873954476,2972765586303,25%,3962502843667,5,36,normal,1117,17
1676971935,20230221,5873954476,2814666210753,25%,3751766676617,3,32,normal,2013,12
1676973768,20230221,5873954476,2788945903156,25%,3717483182330,5,22,normal,1304,2
1676975648,20230221,5873954476,3730907433739,25%,4973056531523,2,22,normal,1245,9
1676977369,20230221,5873954476,3426998473448,25%,4567965687859,2,36,normal,1153,10
1676979129,20230221,5873954476,2975013560596,25%,3965499246940,4,19,normal,1965,8
1676981025,20230221,5873954476,2591245255029,25%,3453961099052,3,32,normal,1208,15
1676983348,20230221,5873954476,3039578405229,25%,4051559978279,4,33,normal,1820,13
1676984840,20230221,5873954476,3103585528174,25%,4136877302946,4,36,normal,1451,15
1676986483,20230221,5873954476,2976506563961,25%,3967489323152,2,37,normal,1295,7
1676988172,20230221,5873954476,2414744006176,25%,3218696433815,3,18,normal,2071,4
1676989983,20230221,5873954476,2719051128946,25%,3624318002121,5,31,normal,1372,3
1676991775,20230221,5873954476,2637330124272,25%,3515389227212,4,27,normal,1622,7
1676993584,20230221,5873954476,3323105840558,25%,4429483577074,5,26,normal,2137,10
1676995398,20230221,5873954476,2523707239833,25%,3363937325061,5,37,normal,1987,4
1676997434,20230221,5873954476,3358355839905,25%,4476469529580,3,27,normal,1668,8
1676998979,20230221,5873954476,2666432522463,25%,3554180827910,5,40,normal,1745,8
1677000732,20230221,5873954476,3369052812648,25%,4490727897313,5,37,normal,1672,12
1677002583,20230221,5873954476,2793470020607,25%,3723513536135,6,23,normal,1560,5
1677004493,20230221,5873954476,3042457275907,25%,4055397325327,10,20,normal,1991,5
1677006197,20230221,5873954476,3717011220045,25%,4954533784041,5,30,normal,1164,11
1677007938,20230221,5873954476,3410634474723,25%,4546153543713,9,65,normal,1187,19
1677009770,20230221,5873954476,2399023957628,25%,3197742633300,9,47,normal,2123,5
1677011549,20230221,5873954476,3104923979890,25%,4138661371880,10,22,normal,1899,10
1677013376,20230221,5873954476,3099294718900,25%,4131157933740,7,45,normal,1306,13
1677015134,20230221,5873954476,3444578016670,25%,4591398073625,5,54,normal,2131,4
1677016978,20230221,5873954476,3886443507376,25%,5180375984129,11,62,normal,1760,17
1677018781,20230221,5873954476,2859403438192,25%,3811398486054,6,46,normal,1797,9
1677020567,20230221,5873954476,3895859204895,25%,5192926495467,8,52,normal,1602,12
1677022334,20230221,5873954476,3505425454797,25%,4672503744290,5,48,normal,1816,14
1677024583,20230222,5873954476,2565419461572,25%,3419536998987,9,26,normal,1898,1
1677026814,20230222,5873954476,2623965420027,25%,3497574947197,6,31,normal,1791,6
1677029415,20230222,5873954476,3493761360026,25%,4656956265904,8,25,normal,1884,0
1677031620,20230222,5873954476,3305700296177,25%,4406283120427,6,41,normal,1483,9
1677033934,20230222,5873954476,2483550878376,25%,3310411511524,7,35,normal,2196,5
1677035174,20230222,5873954476,2753399789460,25%,3670102528689,7,49,normal,2051,8
1677036853,20230222,5873954476,3024723926393,25%,4031759925796,4,22,normal,1117,1
1677038570,20230222,5873954476,2651287217744,25%,3533993123472,7,49,normal,1298,9
1677040524,20230222,5873954476,3558858267819,25%,4743726202772,6,61,normal,1794,19
1677042174,20230222,5873954476,2773808709089,25%,3697306288864,10,33,normal,1627,1
1677043929,20230222,5873954476,2674876524572,25%,3565436132573,7,33,normal,1810,13
1677045803,20230222,5873954476,3358355839905,25%,4476469529580,7,42,normal,1668,13
1677047727,20230222,5873954476,3825444257239,25%,5099067957946,5,29,normal,2003,12
1677049363,20230222,5873954476,3773706547357,25%,5030104961510,8,22,normal,1189,1
1677051125,20230222,5873954476,3386820520528,25%,4514411094308,6,65,normal,1489,24
1677052985,20230222,5873954476,2783817260250,25%,3710647035480,6,22,normal,2108,9
1677054905,20230222,5873954476,3678827022356,25%,4903636736314,9,23,normal,1469,5
1677056576,20230222,5873954476,3321751708993,25%,4427678607923,5,23,normal,1458,6
1677058357,20230222,5873954476,3290813980986,25%,4386440632158,7,39,normal,1575,5
1677060172,20230222,5873954476,3345778692624,25%,4459705011686,9,46,normal,1200,18
1677062075,20230222,5873954476,3794751569809,25%,5058156605304,4,63,normal,1722,12
1677063754,20230222,5873954476,3368449609576,25%,4489923866918,11,56,normal,1874,21
1677065541,20230222,5873954476,2711267311643,25%,3613942680792,5,65,normal,1896,16
1677067420,20230222,5873954476,2649218698335,25%,3531235921869,8,57,normal,1266,19
1677069769,20230222,5873954476,2445516033090,25%,3259713540820,6,59,normal,1997,8
1677071248,20230222,5873954476,2401193821304,25%,3200634920208,4,58,normal,1381,5
1677072911,20230222,5873954476,2845770260101,25%,3793226347893,5,57,normal,1677,13
1677074578,20230222,5873954476,2941847109856,25%,3921290528978,4,36,normal,2173,10
1677076350,20230222,5873954476,2450694106826,25%,3266615575746,8,31,normal,1398,10
1677078191,20230222,5873954476,2821297760480,25%,3760606100341,7,53,normal,1413,21
1677079981,20230222,5873954476,2991004083142,25%,3986813571671,11,53,normal,1699,19
1677081783,20230222,5873954476,3172194291415,25%,4228328314319,5,39,normal,1555,3
1677083872,20230222,5873954476,2419473955102,25%,3225001147565,6,36,normal,1895,1
1677085359,20230222,5873954476,3674234899119,25%,4897515735228,9,33,normal,2102,14
1677087154,20230222,5873954476,3190181730153,25%,4252304398232,8,22,normal,2181,2
1677088974,20230222,5873954476,2892055382323,25%,3854921400228,11,45,normal,1875,5
1677090899,20230222,5873954476,2707571130094,25%,3609015911602,11,38,normal,1585,13
1677092567,20230222,5873954476,3344579590713,25%,4458106686964,8,31,normal,2034,2
1677094325,20230222,5873954476,2643152561523,25%,3523150156722,8,57,normal,1570,6
1677096162,20230222,5873954476,3654152048624,25%,4870746603964,11,47,normal,1355,22
1677097950,20230222,5873954476,2674876524572,25%,3565436132573,7,37,normal,1810,15
1677099772,20230222,5873954476,3233049638341,25%,4309444526899,4,45,normal,1353,15
1677101530,20230222,5873954476,2420072188717,25%,3225798553998,11,39,normal,1230,10
1677103366,20230222,5873954476,3235866513172,25%,4313199237522,11,31,normal,1861,11
1677105151,20230222,5873954476,3851382335104,25%,5133641725811,4,57,normal,1544,1
1677106961,20230222,5873954476,3169489409536,25%,4224722883003,10,45,normal,1441,18
1677108730,20230222,5873954476,3330808769895,25%,4439751080016,10,36,normal,1980,8
1677111018,20230223,5873954476,2497238157753,25%,3328655763174,6,35,normal,1152,11
1677113206,20230223,5873954476,3119540466036,25%,4158144195613,8,55,normal,1962,0
1677115808,20230223,5873954476,3786420753461,25%,5047052169886,7,64,normal,1490,23
1677117942,20230223,5873954476,3424598776253,25%,4564767047845,9,56,normal,1475,11
1677120300,20230223,5873954476,2393738396485,25%,3190697324664,10,33,normal,1884,14
1677121479,20230223,5873954476,3605126747895,25%,4805399072210,7,50,normal,1210,20
1677123172,20230223,5873954476,3364394736205,25%,4484518984899,10,37,normal,1755,3
1677124986,20230223,5873954476,3576158265512,25%,4766785972559,4,69,normal,1239,22
1677126922,20230223,5873954476,2425005926063,25%,3232374904436,11,31,normal,1349,6
1677128573,20230223,5873954476,2891993322902,25%,3854838679063,9,55,normal,2087,20
1677130326,20230223,5873954476,2734258350110,25%,3644588237147,4,67,normal,1195,10
1677132192,20230223,5873954476,2889764246225,25%,3851867465083,7,62,normal,2189,20
1677134098,20230223,5873954476,2486717025874,25%,3314631779856,5,71,normal,1319,4
1677135774,20230223,5873954476,3402619901556,25%,4535470639851,6,47,normal,1709,12
1677137539,20230223,5873954476,3855118689873,25%,5138622043286,8,50,normal,1137,6
1677139393,20230223,5873954476,2629404682149,25%,3504825129224,9,52,normal,1968,17
1677141302,20230223,5873954476,3435058998872,25%,4578709843088,7,65,normal,1218,7
1677142969,20230223,5873954476,3853688347456,25%,5136715490034,8,29,normal,1341,7
1677144729,20230223,5873954476,3409593295208,25%,4544765719256,4,68,normal,1235,8
1677146579,20230223,5873954476,2557734224749,25%,3409293079014,10,40,normal,1125,3
1677148462,20230223,5873954476,3410392367784,25%,4545830830938,6,37,normal,1272,11
1677150152,20230223,5873954476,2740485650463,25%,3652888822793,5,64,normal,1263,12
1677151931,20230223,5873954476,2842936802872,25%,3789449534014,8,31,normal,1622,5
1677153834,20230223,5873954476,3335584154734,25%,4446116356878,8,27,normal,1681,12
1677156210,20230223,5873954476,3590937784269,25%,4786486108141,7,72,normal,2056,22
1677157677,20230223,5873954476,2552339497350,25%,3402102258870,10,62,normal,2111,1
1677159477,20230223,5873954476,3368669248780,25%,4490216631667,11,74,normal,2058,6
1677160972,20230223,5873954476,3856305671883,25%,5140204212970,10,38,normal,1222,3
1677162756,20230223,5873954476,3326854139292,25%,4434479815075,8,43,normal,1145,8
1677164562,20230223,5873954476,3617931160146,25%,4822466519501,6,53,normal,1555,6
1677166405,20230223,5873954476,3859746471324,25%,5144790574449,9,40,normal,1917,6
1677168177,20230223,5873954476,2722170185075,25%,3628475500728,8,41,normal,1598,1
1677170322,20230223,5873954476,3453384455821,25%,4603136483253,7,64,normal,1401,22
1677171779,20230223,5873954476,3654042639912,25%,4870600769279,4,40,normal,1655,4
1677173568,20230223,5873954476,3010571712889,25%,4012895947246,3,51,normal,1767,1
1677175389,20230223,5873954476,3622905241495,25%,4829096645866,7,49,normal,1249,9
1677177324,20230223,5873954476,3298318116188,25%,4396443155468,5,39,normal,1869,10
1677178970,20230223,5873954476,3717143767201,25%,4954710460764,4,64,normal,1236,29
1677180731,20230223,5873954476,3258594299429,25%,4343493895832,4,41,normal,1518,20
1677182568,20230223,5873954476,3503504216648,25%,4669942859010,6,48,normal,1398,13
1677184351,20230223,5873954476,2775749091853,25%,3699892692667,5,64,normal,1897,18
1677186166,20230223,5873954476,3036733497015,25%,4047767900983,5,74,normal,1818,29
1677187942,20230223,5873954476,3614754307285,25%,4818231981617,6,62,normal,1280,12
1677189760,20230223,5873954476,3531410863775,25%,4707140601446,5,41,normal,1700,2
1677191592,20230223,5873954476,2875402517330,25%,3832724216167,8,71,normal,1200,29
1677193380,20230223,5873954476,2961596467732,25%,3947615136307,7,80,normal,1190,19
1677195148,20230223,5873954476,3765957196688,25%,5019775581957,7,72,normal,1990,29
1677197393,20230224,5873954476,2953167314806,25%,3936379624637,6,55,normal,1973,4
1677199630,20230224,5873954476,3216196507355,25%,4286980401316,5,69,normal,1606,9
1677202214,20230224,5873954476,2891993322902,25%,3854838679063,7,68,normal,2089,25
1677204374,20230224,5873954476,3447051703780,25%,4594695337375,7,56,normal,1267,17
1677206720,20230224,5873954476,2649218698335,25%,3531235921869,6,81,normal,1267,27
1677207952,20230224,5873954476,3298318116188,25%,4396443155468,5,48,normal,1869,12
1677209642,20230224,5873954476,3802657490099,25%,5068694681962,8,38,normal,1843,8
1677211379,20230224,5873954476,2750906726137,25%,3666779437708,4,36,normal,1125,0
1677213330,20230224,5873954476,2828960763046,25%,3770820383498,7,86,normal,1966,30
1677214968,20230224,5873954476,2784080580716,25%,3710998024505,5,92,normal,1563,3
1677216735,20230224,5873954476,2564558051206,25%,3418388795092,6,49,normal,1986,10
1677218597,20230224,5873954476,3555559963935,25%,4739329778586,8,43,normal,1694,14
1677220530,20230224,5873954476,2972539506556,25%,3962201494094,4,71,normal,1252,21
1677222170,20230224,5873954476,3754513708810,25%,5004522158187,5,35,normal,1705,4
1677223935,20230224,5873954476,2798599946938,25%,3730351393707,4,84,normal,2082,26
1677225789,20230224,5873954476,3144416767634,25%,4191302684892,8,72,normal,1888,16
1677227721,20230224,5873954476,3311562944321,25%,4414097648438,5,50,normal,1454,9
1677229369,20230224,5873954476,3575902401428,25%,4766444922406,6,37,normal,1813,9
1677231141,20230224,5873954476,3330808769895,25%,4439751080016,13,44,normal,1981,10
1677232974,20230224,5873954476,3593308841832,25%,4789646573392,12,54,normal,1210,18
1677234854,20230224,5873954476,3117506824997,25%,4155433484605,8,48,normal,1908,15
1677236577,20230224,5873954476,3052465646956,25%,4068737831867,14,52,normal,2098,16
1677238328,20230224,5873954476,2488279557415,25%,3316714532597,6,41,normal,1280,1
1677240225,20230224,5873954476,2788945903156,25%,3717483182330,14,50,normal,1306,6
1677242546,20230224,5873954476,3284020920304,25%,4377385924852,13,86,normal,1466,24
1677244032,20230224,5873954476,3794751569809,25%,5058156605304,6,88,normal,1726,16
1677245704,20230224,5873954476,3368132133462,25%,4489500691943,7,67,normal,1888,11
1677247361,20230224,5873954476,2758897757204,25%,3677430961486,5,63,normal,1781,13
1677249144,20230224,5873954476,3509197319006,25%,4677531393534,7,36,normal,1588,10
1677250971,20230224,5873954476,2411936899640,25%,3214954743692,12,52,normal,1679,4
1677252749,20230224,5873954476,2476434700999,25%,3300926110716,11,79,normal,2109,33
1677254579,20230224,5873954476,3179148663694,25%,4237598039473,10,42,normal,2052,15
1677256667,20230224,5873954476,3138466176848,25%,4183370935069,8,62,normal,1719,12
1677258173,20230224,5873954476,2714000299232,25%,3617585575186,13,62,normal,1187,21
1677259968,20230224,5873954476,3099306299907,25%,4131173370468,7,80,normal,1272,27
1677261773,20230224,5873954476,3886443507376,25%,5180375984129,14,88,normal,1763,24
1677263703,20230224,5873954476,3392277013534,25%,4521684243982,9,77,normal,1957,38
1677265355,20230224,5873954476,3034261435281,25%,4044472803752,7,69,normal,2154,33
1677267127,20230224,5873954476,3124772664922,25%,4165118375838,7,80,normal,1435,13
1677268963,20230224,5873954476,3441245643704,25%,4586956237574,13,63,normal,1223,22
1677270752,20230224,5873954476,2422423699449,25%,3228932964597,12,56,normal,1967,0
1677272548,20230224,5873954476,3696740409435,25%,4927514114190,12,77,normal,1769,22
