data/history/5873954476.csv
time,date,itemid,price,discount,price_before_discount,stock,sold,item_status,cmt_count,liked_count
1677274342,20230224,5873954476,3410392367784,25%,4545830830938,8,49,normal,1274,15
1677276174,20230224,5873954476,3156082725111,25%,4206852646143,8,71,normal,1822,12
1677277995,20230224,5873954476,2740485650463,25%,3652888822793,6,85,normal,1265,16
1677279770,20230224,5873954476,3882447548680,25%,5175049631535,5,94,normal,2095,45
1677281530,20230224,5873954476,3559765193262,25%,4744935075298,14,96,normal,2180,23
1677283831,20230225,5873954476,3444248453457,25%,4590958787334,10,83,normal,1768,28
1677286009,20230225,5873954476,2707230022868,25%,3608561237893,12,76,normal,2163,7
1677288604,20230225,5873954476,3042863642027,25%,4055938984889,13,74,normal,1437,27
1677290802,20230225,5873954476,3114049203536,25%,4150824700470,10,41,normal,1910,10
1677293142,20230225,5873954476,3192251671771,25%,4255063495547,13,47,normal,1227,5
1677294375,20230225,5873954476,2820181000756,25%,3759117532388,14,43,normal,1465,7
1677296027,20230225,5873954476,2427736689901,25%,3236014834716,6,39,normal,1816,15
1677297774,20230225,5873954476,3845290204714,25%,5125521312918,13,60,normal,1580,25
1677299697,20230225,5873954476,2783817260250,25%,3710647035480,7,33,normal,2112,13
1677301358,20230225,5873954476,2740485650463,25%,3652888822793,6,85,normal,1265,16
1677303131,20230225,5873954476,3586176174595,25%,4780139192676,14,95,normal,2140,40
1677304962,20230225,5873954476,3368669248780,25%,4490216631667,14,98,normal,2062,8
1677306869,20230225,5873954476,3789391141772,25%,5051011503976,5,66,normal,2133,1
1677308576,20230225,5873954476,2913160999159,25%,3883053812388,6,69,normal,1459,27
1677310321,20230225,5873954476,2532739536271,25%,3375976787738,14,45,normal,1700,16
1677312179,20230225,5873954476,3819982878150,25%,5091788295443,11,95,normal,2004,36
1677314045,20230225,5873954476,2967017476958,25%,3954840988414,7,56,normal,1287,24
1677315763,20230225,5873954476,3216196507355,25%,4286980401316,8,74,normal,1609,10
1677317530,20230225,5873954476,3144416767634,25%,4191302684892,13,76,normal,1891,17
1677319361,20230225,5873954476,3714570708448,25%,4951280741087,12,55,normal,1212,14
1677321169,20230225,5873954476,2677031546455,25%,3568308636339,8,61,normal,1968,6
1677322957,20230225,5873954476,2820181000756,25%,3759117532388,14,43,normal,1466,7
1677324726,20230225,5873954476,3450555319751,25%,4599365429196,9,76,normal,1908,30
1677326607,20230225,5873954476,3886443507376,25%,5180375984129,11,93,normal,1765,25
1677328853,20230225,5873954476,2420072188717,25%,3225798553998,11,51,normal,1234,14
1677330343,20230225,5873954476,3119540466036,25%,4158144195613,8,73,normal,1967,0
1677331950,20230225,5873954476,2648288585564,25%,3529996142144,11,57,normal,1881,10
1677333758,20230225,5873954476,2676483238706,25%,3567577777834,5,49,normal,1402,18
1677335526,20230225,5873954476,2450947005789,25%,3266952673586,5,41,normal,1948,18
1677337366,20230225,5873954476,2460219194635,25%,3279311897212,6,38,normal,2116,14
1677339124,20230225,5873954476,2758581336610,25%,3677009193450,8,95,normal,1512,10
1677340972,20230225,5873954476,3888093226489,25%,5182574952224,14,68,normal,1708,27
1677342994,20230225,5873954476,3491886327539,25%,4654456969763,8,57,normal,1997,25
1677344570,20230225,5873954476,2979014309106,25%,3970831984044,12,47,normal,2169,1
1677346331,20230225,5873954476,3000291732171,25%,3999193402715,8,92,normal,2001,42
1677348165,20230225,5873954476,2660701459759,25%,3546541694718,14,92,normal,1466,26
1677350034,20230225,5873954476,2551507516752,25%,3400993282939,13,42,normal,1699,18
1677351758,20230225,5873954476,2644928444377,25%,3525517292863,13,50,normal,1866,2
1677353526,20230225,5873954476,2782347789934,25%,3708688327288,11,36,normal,2034,16
1677355367,20230225,5873954476,3111818579063,25%,4147851423377,10,73,normal,1887,8
1677357129,20230225,5873954476,3511127051661,25%,4680103601437,9,91,normal,1368,9
1677358964,20230225,5873954476,2434573794666,25%,3245128249914,13,92,normal,1975,36
1677360723,20230225,5873954476,3360338587136,25%,4479112402458,9,85,normal,1295,15
1677362559,20230225,5873954476,3392277013534,25%,4521684243982,9,89,normal,1959,44
1677364350,20230225,5873954476,3482794505749,25%,4642338163671,11,100,normal,1800,48
1677366168,20230225,5873954476,2846954786399,25%,3794805244274,13,95,normal,1513,9
1677367927,20230225,5873954476,3802657490099,25%,5068694681962,14,44,normal,1847,9
1677370220,20230226,5873954476,3124792476892,25%,4165144783903,11,85,normal,2103,30
1677372436,20230226,5873954476,2580926087729,25%,3440206321360,9,100,normal,1707,49
1677375039,20230226,5873954476,2979688592596,25%,3971730760005,7,99,normal,1241,32
1677378642,20230226,5873954476,3075450914012,25%,4099375695307,11,105,normal,1331,12
1677381127,20230226,5873954476,2472165434114,25%,3295235456111,8,87,normal,1334,14
1677382619,20230226,5873954476,2751236616550,25%,3667219160135,14,75,normal,1771,10
1677384170,20230226,5873954476,3024723926393,25%,4031759925796,5,36,normal,1120,1
1677386091,20230226,5873954476,2832659732369,25%,3775750868609,6,77,normal,1654,3
1677387780,20230226,5873954476,2661751835723,25%,3547941777443,6,56,normal,1701,11
1677389523,20230226,5873954476,3099306299907,25%,4131173370468,7,93,normal,1273,32
1677391380,20230226,5873954476,3077513361252,25%,4102124803103,9,105,normal,1695,43
1677393281,20230226,5873954476,3719833742165,25%,4958296022133,10,51,normal,1623,11
1677394969,20230226,5873954476,3251325111434,25%,4333804541840,12,55,normal,1110,12
1677396749,20230226,5873954476,3717143767201,25%,4954710460764,7,93,normal,1238,42
1677398577,20230226,5873954476,2663081349749,25%,3549713933018,11,55,normal,2086,1
1677400448,20230226,5873954476,2781488635048,25%,3707543129802,6,99,normal,1708,22
1677402167,20230226,5873954476,3637177918365,25%,4848121194234,6,99,normal,1428,22
1677403929,20230226,5873954476,2784080580716,25%,3710998024505,8,107,normal,1566,4
1677405761,20230226,5873954476,3766475082794,25%,5020465890395,13,79,normal,1112,7
1677407591,20230226,5873954476,3274433101515,25%,4364605987077,13,64,normal,1257,28
1677409358,20230226,5873954476,3368669248780,25%,4490216631667,14,106,normal,2064,9
1677411121,20230226,5873954476,3484189174686,25%,4644197166497,9,77,normal,1358,36
1677413020,20230226,5873954476,2415712112623,25%,3219986856635,13,96,normal,1767,14
1677415291,20230226,5873954476,3117506824997,25%,4155433484605,8,56,normal,1911,18
1677416784,20230226,5873954476,3845290204714,25%,5125521312918,13,65,normal,1582,28
1677418372,20230226,5873954476,3392335976638,25%,4521762837958,7,88,normal,1931,34
1677420160,20230226,5873954476,3199542862792,25%,4264782178139,10,58,normal,1358,21
1677421930,20230226,5873954476,3639148973620,25%,4850748482470,13,49,normal,1617,16
1677423762,20230226,5873954476,2426096269108,25%,3233828260676,7,47,normal,1897,7
1677425528,20230226,5873954476,3820299108720,25%,5092209810189,5,62,normal,1761,2
1677427373,20230226,5873954476,3114049203536,25%,4150824700470,10,45,normal,1912,11
1677429395,20230226,5873954476,3593056853036,25%,4789310688745,14,46,normal,1687,22
1677430957,20230226,5873954476,2819818032137,25%,3758633718868,8,92,normal,1793,21
1677432727,20230226,5873954476,2745665428998,25%,3659793130105,12,85,normal,2060,30
1677434559,20230226,5873954476,3355663709838,25%,4472881095600,12,102,normal,1157,7
1677436420,20230226,5873954476,2866524496119,25%,3820890392317,6,45,normal,1113,19
1677438173,20230226,5873954476,3342823545084,25%,4455765992551,5,38,normal,1124,7
1677439928,20230226,5873954476,3416859648570,25%,4554451294866,6,69,normal,1485,12
1677441764,20230226,5873954476,3344504754905,25%,4458006935707,6,50,normal,1809,11
1677443531,20230226,5873954476,2649218698335,25%,3531235921869,10,94,normal,1269,32
1677445347,20230226,5873954476,2828960763046,25%,3770820383498,11,100,normal,1970,35
1677447127,20230226,5873954476,2773808709089,25%,3697306288864,13,54,normal,1632,1
1677448964,20230226,5873954476,3637177918365,25%,4848121194234,6,99,normal,1428,22
1677450760,20230226,5873954476,3073508960637,25%,4096787197980,13,100,normal,1704,38
1677452556,20230226,5873954476,2766590899368,25%,3687685418764,5,71,normal,2117,21
1677454333,20230226,5873954476,2972539506556,25%,3962201494094,7,83,normal,1254,25
1677456601,20230227,5873954476,3696489043703,25%,4927179060047,12,100,normal,1577,44
1677458808,20230227,5873954476,2476434700999,25%,3300926110716,11,92,normal,2111,38
1677461439,20230227,5873954476,3021606815022,25%,4027605019425,6,38,normal,2051,16
1677464873,20230227,5873954476,3580691069623,25%,4772827905116,12,54,normal,2088,11
1677466138,20230227,5873954476,3441168350667,25%,4586853210991,9,57,normal,2161,2
1677467250,20230227,5873954476,2595676992885,25%,3459868316876,7,94,normal,1804,14
1677468887,20230227,5873954476,2444958095598,25%,3258969846493,11,46,normal,1584,10
1677470570,20230227,5873954476,3855118689873,25%,5138622043286,10,73,normal,1140,9
1677472534,20230227,5873954476,2926148608883,25%,3900365449975,7,63,normal,2197,18
1677474167,20230227,5873954476,2670556203950,25%,3559677426664,6,50,normal,2147,10
1677475940,20230227,5873954476,3278479712864,25%,4369999856359,9,88,normal,2178,8
1677477793,20230227,5873954476,2978601714814,25%,3970282022736,11,64,normal,1150,10
1677479760,20230227,5873954476,3615199834896,25%,4818825840896,14,98,normal,1249,27
1677481370,20230227,5873954476,3284020920304,25%,4377385924852,13,100,normal,1467,28
1677483138,20230227,5873954476,2726214828030,25%,3633866746268,11,92,normal,1506,16
1677485014,20230227,5873954476,3674903758656,25%,4898407281413,5,64,normal,1124,7
1677486954,20230227,5873954476,3119540466036,25%,4158144195613,10,80,normal,1967,0
1677488575,20230227,5873954476,3524766659603,25%,4698284310170,11,47,normal,1971,17
1677490357,20230227,5873954476,2534574270273,33%,3789443429357,17,98,normal,1198,36
1677492176,20230227,5873954476,3218554662606,33%,4812062901957,8,102,normal,1265,3
1677494112,20230227,5873954476,3265987681576,33%,4882980035528,82,87,normal,1698,27
1677495758,20230227,5873954476,2648578262098,33%,3959890862209,13,90,normal,1950,35
1677497534,20230227,5873954476,2163975768302,33%,3235361398817,21,61,normal,1470,28
1677499432,20230227,5873954476,2948148089372,33%,4407777880912,94,69,normal,1728,13
1677501814,20230227,5873954476,2572791318148,33%,3846581759315,10,49,normal,1463,8
1677503285,20230227,5873954476,3312291577269,33%,4952209016247,68,105,normal,2144,40
1677504948,20230227,5873954476,2552310061610,33%,3815960221045,7,89,normal,1492,27
1677506564,20230227,5873954476,2705092965935,33%,4044386027977,24,107,normal,1309,49
1677508388,20230227,5873954476,3200528939805,33%,4785112633572,83,103,normal,1341,6
1677510183,20230227,5873954476,2522824720038,33%,3771876670134,61,49,normal,1655,17
1677512002,20230227,5873954476,2364444245688,33%,3535081933085,42,71,normal,1248,9
1677513778,20230227,5873954476,2579047553299,33%,3855935460038,56,92,normal,1319,45
1677515901,20230227,5873954476,2228489280187,33%,3331815587036,16,103,normal,1835,32
1677517367,20230227,5873954476,2531817308275,33%,3785321493910,16,64,normal,1818,5
1677519163,20230227,5873954476,3181889356162,33%,4757244581492,3,105,normal,2059,12
1677520977,20230227,5873954476,3441883306086,33%,5145961683520,6,63,normal,1577,18
1677522924,20230227,5873954476,3095346042204,33%,4627853623698,3,99,normal,1872,25
1677524561,20230227,5873954476,2311358634915,33%,3455713606301,29,62,normal,1453,19
1677526328,20230227,5873954476,2650325289365,33%,3962502843667,47,93,normal,1120,45
1677528169,20230227,5873954476,3114811383093,33%,4656956265904,28,41,normal,1889,1
1677529962,20230227,5873954476,2459654582380,33%,3677430961486,3,73,normal,1783,15
1677531767,20230227,5873954476,2869917178089,33%,4290814801073,3,66,normal,1494,2
1677533540,20230227,5873954476,3410518375459,33%,5099067957946,7,48,normal,2008,19
1677535370,20230227,5873954476,3244910752495,33%,4851467906902,13,89,normal,1259,17
1677537221,20230227,5873954476,2898670923293,33%,4333804541840,63,55,normal,1110,12
1677538971,20230227,5873954476,2906513354491,33%,4345529765173,32,86,normal,1274,16
1677540736,20230227,5873954476,3038237964296,33%,4542471304020,8,44,normal,2061,21
1677542990,20230228,5873954476,2991854789870,33%,4473123793622,89,62,normal,1194,12
1677545230,20230228,5873954476,3312600430125,33%,4952670782327,4,44,normal,1464,9
1677547854,20230228,5873954476,2681164552186,33%,4008610643006,25,55,normal,1224,14
1677551240,20230228,5873954476,2176230604768,33%,3253683611770,68,64,normal,1878,3
1677552479,20230228,5873954476,2736701753798,33%,4091644344642,17,82,normal,1299,27
1677553603,20230228,5873954476,2361839462400,33%,3531187520113,25,99,normal,2010,33
1677555259,20230228,5873954476,2705151006028,33%,4044472803752,7,80,normal,2156,38
1677556976,20230228,5873954476,3428211737064,33%,5125521312918,57,65,normal,1582,28
1677558917,20230228,5873954476,3437275070777,33%,5139071908294,42,62,normal,1504,4
1677560562,20230228,5873954476,2176230604768,33%,3253683611770,47,64,normal,1878,3
1677562344,20230228,5873954476,3113139725550,33%,4654456969763,14,62,normal,1997,27
1677564191,20230228,5873954476,3315529419594,33%,4957049916144,16,54,normal,1947,26
1677566142,20230228,5873954476,2318538043139,33%,3466447543611,3,54,normal,1644,16
1677567785,20230228,5873954476,2687264058537,33%,4017730018412,14,76,normal,2035,31
1677569527,20230228,5873954476,3272459343042,33%,4892655820257,41,93,normal,1549,35
1677571391,20230228,5873954476,2467803439525,33%,3689614322425,62,104,normal,1669,13
1677573363,20230228,5873954476,2868329078446,33%,4288440432395,63,89,normal,1993,7
1677574981,20230228,5873954476,2296104382004,33%,3432906964120,38,48,normal,1580,21
1677576771,20230228,5873954476,2784490629166,33%,4163093519316,3,104,normal,2128,36
1677588186,20230228,5873954476,2505187354068,33%,3745507034267,1,55,normal,1628,2
1677650604,20230301,5873954476,4459172789622,,4459172789622,7,88,normal,1585,23
1677676078,20230301,5873954476,3112578590391,26%,4198867070052,2,84,normal,1821,25
1677782225,20230302,5873954476,3849235408779,,0,4,54,normal,1590,16
1677783780,20230302,5873954476,5136715490034,,0,6,43,normal,1345,10
1677785540,20230302,5873954476,3707543129802,,0,4,107,normal,1710,24
1677787385,20230302,5873954476,4695263004978,,0,4,58,normal,1402,0
1677789164,20230302,5873954476,3824677166192,,0,2,47,normal,1267,7
1677790976,20230302,5873954476,4458696054331,,0,5,47,normal,1386,14
1677792730,20230302,5873954476,3212260150225,,0,4,69,normal,1651,28
1677794557,20230302,5873954476,3829434886858,,0,2,100,normal,1914,7
1677796368,20230302,5873954476,3844390385511,,0,4,73,normal,1907,22
1677798163,20230302,5873954476,3751766676617,,0,3,91,normal,2020,36
1677808215,20230303,5873954476,3235361398817,,0,3,66,normal,1471,31
1677812464,20230303,5873954476,3921313628859,,0,3,80,normal,1865,24
1677818693,20230303,5873954476,3445335384435,,0,2,103,normal,1478,43
1677820007,20230303,5873954476,3200528939805,33%,4785112633572,36,112,normal,1343,7
1677821616,20230303,5873954476,3370931493589,33%,5039881588404,9,109,normal,1220,51
1677823391,20230303,5873954476,3048698489602,33%,4558110841340,9,57,normal,1534,4
1677825310,20230303,5873954476,2696647980723,33%,4031759925796,1,39,normal,1121,1
1677826973,20230303,5873954476,2893092283342,33%,4325463914085,1,109,normal,1382,50
1677830588,20230303,5873954476,2814205716235,33%,4207520562849,1,94,normal,1392,38
1677847318,20230303,5873954476,5021382444578,,5021382444578,1,68,normal,1439,9
1677848817,20230303,5873954476,4413418526928,,4413418526928,2,95,normal,2097,33
1677850460,20230303,5873954476,4528611128705,,4528611128705,1,41,normal,1790,12
1677852153,20230303,5873954476,3667219160135,,3667219160135,2,82,normal,1773,11
1677853953,20230303,5873954476,5175049631535,,5175049631535,1,112,normal,2099,53
1677855767,20230303,5873954476,3515389227212,,3515389227212,2,77,normal,1628,22
1677857566,20230303,5873954476,3773779370729,,3773779370729,1,76,normal,2143,34
1677859371,20230303,5873954476,3730351393707,,3730351393707,1,105,normal,2087,32
1677861445,20230303,5873954476,4467680471653,,4467680471653,1,69,normal,1385,21
1677862954,20230303,5873954476,5138622043286,,0,2,79,normal,1141,10
1677864742,20230303,5873954476,4309444526899,,0,1,71,normal,1358,23
1677866585,20230303,5873954476,5188356890940,,0,2,69,normal,1890,25
1677868473,20230303,5873954476,3914888461214,,0,1,95,normal,1829,21
1677870152,20230303,5873954476,4523920048377,,0,1,40,normal,1150,16
1677871942,20230303,5873954476,3529996142144,,0,2,69,normal,1882,12
1677873781,20230303,5873954476,4743726202772,,0,1,112,normal,1801,35
1677875544,20230303,5873954476,5192926495467,,0,2,95,normal,1608,22
1677877366,20230303,5873954476,3266615575746,,0,2,57,normal,1403,18
1677879138,20230303,5873954476,4467454976964,,0,1,76,normal,2095,4
1677880973,20230303,5873954476,5144790574449,,0,2,65,normal,1924,11
1677882786,20230303,5873954476,4660780339569,,0,2,68,normal,1483,27
1677884576,20230303,5873954476,3901519957073,,0,2,92,normal,1467,21
1677886334,20230303,5873954476,4413418526928,,0,2,98,normal,2099,34
1677888576,20230304,5873954476,4031759925796,,0,1,40,normal,1122,1
1677890818,20230304,5873954476,4490216631667,,0,2,118,normal,2068,10
1677893395,20230304,5873954476,4183370935069,,0,1,80,normal,1724,15
1677895527,20230304,5873954476,4345889586810,,0,1,90,normal,1960,34
1677899038,20230304,5873954476,2694244757194,25%,3601021462013,1,50,normal,1393,1
1677900762,20230304,5873954476,3653392099710,25%,4882980035528,2,97,normal,1701,30
1677902569,20230304,5873954476,3356594481102,25%,4486292024304,1,66,normal,1471,26
1677904521,20230304,5873954476,3627607760507,25%,4848517702956,2,45,normal,2174,3
1677906155,20230304,5873954476,3281886764798,25%,4386440632158,1,71,normal,1583,9
1677907926,20230304,5873954476,2439710390597,25%,3260820849396,1,58,normal,1301,21
1677909777,20230304,5873954476,2869546265218,25%,3835322555494,1,105,normal,1447,44
