data/history/5873954476.csv
time,date,itemid,price,discount,price_before_discount,stock,sold,item_status,cmt_count,liked_count
1677911672,20230304,5873954476,2897755490433,25%,3873025895236,1,110,normal,1315,52
1677913366,20230304,5873954476,2795875269843,25%,3736856803723,4,45,normal,1863,6
1677915123,20230304,5873954476,2453545189739,25%,3279311897212,5,47,normal,2120,17
1677916964,20230304,5873954476,3617585575186,,0,5,80,normal,1190,27
1677918833,20230304,5873954476,4165118375838,,0,4,97,normal,1439,16
1677920569,20230304,5873954476,4145012184597,,0,6,43,normal,1985,2
1677922327,20230304,5873954476,3960188952646,,0,7,114,normal,2124,33
1677924160,20230304,5873954476,4427678607923,,0,4,43,normal,1465,12
1677925972,20230304,5873954476,3704272096171,,0,7,87,normal,1196,33
1677927760,20230304,5873954476,4757689962362,,0,3,113,normal,1546,1
1677929539,20230304,5873954476,3422209044173,,0,6,67,normal,2157,29
1677931412,20230304,5873954476,3613861697372,,0,3,70,normal,1858,15
1677933648,20230304,5873954476,4789310688745,,0,8,51,normal,1690,25
1677935153,20230304,5873954476,4314688191125,,0,6,80,normal,1303,25
1677936745,20230304,5873954476,4403443287322,,0,5,100,normal,1766,47
1677938568,20230304,5873954476,4852342348880,,0,4,44,normal,1358,10
1677940330,20230304,5873954476,3593656462493,,0,8,78,normal,1855,34
1677942158,20230304,5873954476,3499625733121,,0,5,104,normal,2188,36
1677943930,20230304,5873954476,4406283120427,,0,5,76,normal,1489,17
1677945774,20230304,5873954476,3989226276516,,0,6,54,normal,2115,23
1677947786,20230304,5873954476,3499625733121,,0,5,104,normal,2188,36
1677949350,20230304,5873954476,3245128249914,,0,7,102,normal,1979,40
1677951128,20230304,5873954476,4769294396075,,0,3,70,normal,2068,4
1677952966,20230304,5873954476,3422209044173,,0,6,67,normal,2157,29
1677954802,20230304,5873954476,3855935460038,,0,8,102,normal,1321,50
1677956549,20230304,5873954476,3943832035863,,0,3,55,normal,2131,23
1677958326,20230304,5873954476,4472881095600,,0,7,114,normal,1159,8
1677960168,20230304,5873954476,3331815587036,,0,5,115,normal,1838,36
1677961938,20230304,5873954476,4271244396773,,0,7,117,normal,1945,46
1677963752,20230304,5873954476,4952508417961,,0,8,79,normal,1749,28
1677965527,20230304,5873954476,3559677426664,,0,3,56,normal,2151,12
1677967364,20230304,5873954476,3873036712489,,0,8,81,normal,1189,17
1677969134,20230304,5873954476,3190783303270,,0,7,94,normal,1956,29
1677970967,20230304,5873954476,4147851423377,,0,6,81,normal,1890,9
1677972734,20230304,5873954476,3775750868609,,0,4,85,normal,1657,4
1677975113,20230305,5873954476,3456072303820,,0,7,62,normal,1981,5
1677977249,20230305,5873954476,4462743799641,,0,3,103,normal,2094,4
1677979861,20230305,5873954476,4248939398680,,0,4,47,normal,1809,8
1677983523,20230305,5873954476,4467454976964,,0,4,76,normal,2097,4
1677986014,20230305,5873954476,4759260095922,,0,5,54,normal,2013,18
1677987409,20230305,5873954476,5215850399834,,0,8,111,normal,1385,9
1677988965,20230305,5873954476,4629187296918,,0,3,44,normal,1279,15
1677990876,20230305,5873954476,4775612365557,,0,3,100,normal,1729,40
1677992573,20230305,5873954476,4327323946677,,0,4,106,normal,1839,11
1677994325,20230305,5873954476,5140204212970,,0,7,62,normal,1227,5
1677996177,20230305,5873954476,4708189775324,,0,4,67,normal,2146,2
1677998061,20230305,5873954476,3989226276516,,0,6,54,normal,2115,23
1677999761,20230305,5873954476,4136877302946,,0,6,103,normal,1458,44
1678001538,20230305,5873954476,5108694343466,,0,8,59,normal,1855,26
1678003368,20230305,5873954476,4221787526958,,0,7,108,normal,1519,34
1678005235,20230305,5873954476,4952508417961,,0,8,79,normal,1749,28
1678006964,20230305,5873954476,4135271842010,,0,6,92,normal,1284,27
1678008738,20230305,5873954476,3400993282939,,0,7,51,normal,1702,21
1678010575,20230305,5873954476,3603758791084,,0,7,44,normal,1968,16
1678012383,20230305,5873954476,3885289439761,,0,7,113,normal,2119,35
1678014158,20230305,5873954476,3989226276516,,0,6,54,normal,2115,23
1678015947,20230305,5873954476,3667219160135,,0,8,84,normal,1774,11
1678017803,20230305,5873954476,3225798553998,,0,8,62,normal,1236,17
1678020064,20230305,5873954476,3568308636339,,0,5,74,normal,1971,8
1678021554,20230305,5873954476,3233828260676,,0,4,52,normal,1900,7
1678023148,20230305,5873954476,5125521312918,,0,8,73,normal,1585,31
1678024950,20230305,5873954476,3736856803723,,0,7,45,normal,1863,6
1678026724,20230305,5873954476,3680226702507,,0,8,43,normal,1517,21
1678028555,20230305,5873954476,4206346962783,,0,4,106,normal,1468,26
1678030326,20230305,5873954476,4473123793622,,0,8,69,normal,1196,13
1678032172,20230305,5873954476,3512631224668,,0,3,104,normal,1630,11
1678034182,20230305,5873954476,4852342348880,,0,4,44,normal,1358,10
1678035751,20230305,5873954476,3970282022736,,0,6,71,normal,1152,11
1678037528,20230305,5873954476,4345529765173,,0,6,96,normal,1276,18
1678039372,20230305,5873954476,4439751080016,,0,8,57,normal,1989,13
1678041211,20230305,5873954476,3432906964120,,0,7,53,normal,1583,23
1678042950,20230305,5873954476,5079399701811,,0,6,97,normal,1716,38
1678044728,20230305,5873954476,3873025895236,,0,5,110,normal,1315,52
1678046565,20230305,5873954476,3375976787738,,0,8,54,normal,1704,19
1678048340,20230305,5873954476,3775750868609,,0,4,85,normal,1657,4
1678050169,20230305,5873954476,4977606668846,,0,4,119,normal,2007,5
1678051939,20230305,5873954476,4652929337396,,0,5,64,normal,1622,7
1678053770,20230305,5873954476,3922742157820,,0,4,99,normal,2119,17
1678055550,20230305,5873954476,3577807071261,,0,7,57,normal,1641,10
1678057358,20230305,5873954476,4136877302946,,0,6,103,normal,1458,44
1678059123,20230305,5873954476,4150824700470,,0,6,50,normal,1915,12
1678061428,20230306,5873954476,4757689962362,,0,2,113,normal,1546,1
1678063635,20230306,5873954476,3633866746268,,0,4,102,normal,1509,18
1678066293,20230306,5873954476,3320408907754,,0,2,96,normal,1856,10
1678069750,20230306,5873954476,3567577777834,,0,2,60,normal,1404,23
1678071052,20230306,5873954476,3308921634361,,0,2,49,normal,1166,16
1678072107,20230306,5873954476,4424642276632,,0,4,66,normal,2020,24
1678073699,20230306,5873954476,4927511953952,,0,3,58,normal,1997,24
1678075368,20230306,5873954476,4862046665595,,0,2,85,normal,1492,27
1678077309,20230306,5873954476,3312829727389,,0,2,58,normal,2003,17
1678078972,20230306,5873954476,4371949071129,,0,3,80,normal,2102,4
1678080736,20230306,5873954476,4102124803103,,0,3,117,normal,1698,49
1678082611,20230306,5873954476,4819644388190,,0,5,62,normal,2049,10
1678084548,20230306,5873954476,4567965687859,,0,2,103,normal,1158,30
1678086173,20230306,5873954476,5093284789776,,0,4,114,normal,1213,31
1678087930,20230306,5873954476,4957040612914,,0,5,105,normal,2075,25
1678089808,20230306,5873954476,3697306288864,,0,5,60,normal,1635,1
1678091749,20230306,5873954476,3895202418893,,0,5,107,normal,1862,39
1678093381,20230306,5873954476,5154827149422,,0,5,88,normal,1569,38
1678095148,20230306,5873954476,5074866022326,,0,2,109,normal,1613,15
1678096977,20230306,5873954476,4331036297521,,0,3,58,normal,1954,16
1678098879,20230306,5873954476,3677430961486,,0,2,81,normal,1786,17
1678100557,20230306,5873954476,4136877302946,,0,4,103,normal,1458,44
1678102337,20230306,5873954476,3885289439761,,0,5,113,normal,2119,35
1678104222,20230306,5873954476,4750482274355,,0,4,96,normal,2118,46
1678106599,20230306,5873954476,3427944803484,,0,5,74,normal,1920,34
1678108057,20230306,5873954476,4228328314319,,0,2,71,normal,1564,6
1678109726,20230306,5873954476,3245034307695,,0,5,71,normal,1434,17
1678111375,20230306,5873954476,4175616616144,,0,3,91,normal,1589,14
1678113174,20230306,5873954476,4407335201023,,0,4,69,normal,1197,32
1678114963,20230306,5873954476,3268936733589,,0,4,53,normal,1200,10
1678116826,20230306,5873954476,5090298501619,,0,3,42,normal,1636,10
1678118569,20230306,5873954476,3697306288864,,0,5,60,normal,1636,1
1678120679,20230306,5873954476,3474193222691,,0,4,82,normal,1862,4
1678122170,20230306,5873954476,3419536998987,,0,4,47,normal,1908,3
1678123975,20230306,5873954476,3903237151339,,0,4,46,normal,2172,21
1678127739,20230306,5873954476,4645754155039,,0,4,83,normal,1907,31
1678129369,20230306,5873954476,4400888017477,,0,3,58,normal,1728,1
1678131136,20230306,5873954476,4016435012941,,0,3,74,normal,2043,2
1678132965,20230306,5873954476,4068932645292,,0,2,64,normal,1583,11
1678134763,20230306,5873954476,4410642542860,,0,3,57,normal,1198,5
1678136559,20230306,5873954476,5074866022326,,0,2,109,normal,1614,15
1678138333,20230306,5873954476,3378095966267,,0,3,89,normal,1778,13
1678140175,20230306,5873954476,3782149548662,,0,4,83,normal,2183,6
1678142009,20230306,5873954476,4264782178139,,0,4,64,normal,1362,23
1678143760,20230306,5873954476,4017730018412,,0,3,84,normal,2041,34
1678145547,20230306,5873954476,4472881095600,,0,5,114,normal,1160,8
1678147865,20230307,5873954476,3304138604153,,0,4,64,normal,1476,1
1678150038,20230307,5873954476,5019775581957,,0,4,93,normal,1999,37
1678152687,20230307,5873954476,4644197166497,,0,3,85,normal,1362,39
1678156249,20230307,5873954476,4542471304020,,0,2,49,normal,2067,23
1678158843,20230307,5873954476,3672430069793,,0,2,45,normal,1946,11
1678160295,20230307,5873954476,3269634248644,,0,4,75,normal,1307,3
1678161786,20230307,5873954476,4546194490673,,0,5,42,normal,1746,8
1678163732,20230307,5873954476,4377385924852,,0,5,112,normal,1471,32
1678165377,20230307,5873954476,3849235408779,,0,3,59,normal,1593,17
1678167154,20230307,5873954476,3266952673586,,0,2,49,normal,1953,21
1678168973,20230307,5873954476,3794805244274,,0,5,105,normal,1517,10
1678170940,20230307,5873954476,3613861697372,,0,2,70,normal,1860,15
1678172565,20230307,5873954476,4008610643006,,0,3,61,normal,1227,16
1678174341,20230307,5873954476,3745507034267,,0,3,61,normal,1633,3
1678176201,20230307,5873954476,4091644344642,,0,3,91,normal,1302,30
1678178127,20230307,5873954476,4409435739073,,0,3,96,normal,1182,2
1678179779,20230307,5873954476,3341544618580,,0,5,88,normal,1249,8
1678181566,20230307,5873954476,4784833678589,,0,3,110,normal,1221,27
1678183378,20230307,5873954476,3620566511997,,0,4,99,normal,1143,13
1678185290,20230307,5873954476,4867760130153,,0,4,60,normal,2017,20
1678186976,20230307,5873954476,4915313695494,,0,4,106,normal,2019,27
1678188732,20230307,5873954476,5140204212970,,0,5,62,normal,1228,5
1678190627,20230307,5873954476,5208781762598,,0,4,96,normal,2143,11
1678192998,20230307,5873954476,4304458923746,,0,4,65,normal,1287,19
1678194484,20230307,5873954476,4642582731226,,0,4,100,normal,1635,22
1678196138,20230307,5873954476,3673537537353,,0,2,63,normal,1707,6
1678197779,20230307,5873954476,4327323946677,,0,3,106,normal,1842,11
1678199585,20230307,5873954476,4629187296918,,0,2,44,normal,1281,15
1678201368,20230307,5873954476,4588389993738,,0,4,68,normal,1141,8
1678203176,20230307,5873954476,3833263452398,,0,5,46,normal,1183,15
1678204981,20230307,5873954476,4872776048703,,0,3,49,normal,1135,20
1678207082,20230307,5873954476,3773638762637,,0,4,58,normal,1702,22
1678208567,20230307,5873954476,3453961099052,,0,3,92,normal,1216,44
1678210354,20230307,5873954476,5071017287216,,0,4,109,normal,1782,32
1678212185,20230307,5873954476,4754300413539,,0,2,50,normal,1503,18
1678214123,20230307,5873954476,4374712451855,,0,2,84,normal,2074,10
1678215767,20230307,5873954476,4591398073625,,0,2,98,normal,2144,7
1678217534,20230307,5873954476,4917836044290,,0,4,45,normal,1164,18
1678219379,20230307,5873954476,3901540518289,,0,4,93,normal,2038,3
1678221149,20230307,5873954476,5216204671089,,0,4,67,normal,1692,9
1678222955,20230307,5873954476,4165144783903,,0,4,97,normal,2111,34
1678224733,20230307,5873954476,5066885286660,,0,3,120,normal,1430,4
1678226575,20230307,5873954476,4603664822701,,0,4,71,normal,1987,35
1678228396,20230307,5873954476,3741098658668,,0,2,112,normal,1307,39
1678230175,20230307,5873954476,3449445224086,,0,5,97,normal,1817,43
1678231943,20230307,5873954476,3765919144413,,0,2,86,normal,1194,40
1678234207,20230308,5873954476,4558110841340,,0,3,60,normal,1538,4
1678236439,20230308,5873954476,3438941210719,,0,5,71,normal,1347,5
1678239037,20230308,5873954476,4712746318510,,0,4,69,normal,1608,17
1678242568,20230308,5873954476,3504825129224,,0,4,86,normal,1981,28
1678243890,20230308,5873954476,3199227628627,,0,3,107,normal,1294,48
1678244971,20230308,5873954476,4163093519316,,0,2,118,normal,2136,41
1678246545,20230308,5873954476,2899000000000,,0,2,41,normal,1107,7827
1678248169,20230308,5873954476,5215850399834,,0,5,114,normal,1387,10
1678250123,20230308,5873954476,3602810422008,,0,5,90,normal,2206,34
1678251760,20230308,5873954476,5138622043286,,0,4,83,normal,1144,10
1678253544,20230308,5873954476,3733578441760,,0,2,109,normal,2144,27
1678255396,20230308,5873954476,3660328818520,,0,2,68,normal,1708,19
1678257328,20230308,5873954476,3237182267916,,0,5,41,normal,1257,7
1678258954,20230308,5873954476,3276747917730,,0,8,77,normal,2121,34
1678260733,20230308,5873954476,3218696433815,,0,5,55,normal,2084,13
1678262585,20230308,5873954476,4848121194234,,0,4,112,normal,1433,25
1678264533,20230308,5873954476,4078219325574,,0,8,54,normal,1306,22
1678266167,20230308,5873954476,4892655820257,,0,7,107,normal,1555,41
1678267945,20230308,5873954476,4100770290569,,0,6,83,normal,1749,20
1678269778,20230308,5873954476,3509353483635,,0,8,47,normal,2169,21
1678271674,20230308,5873954476,3659793130105,,0,7,97,normal,2067,34
1678273356,20230308,5873954476,3780438960451,,0,5,43,normal,1436,0
1678275131,20230308,5873954476,3190783303270,,0,7,96,normal,1959,30
1678277027,20230308,5873954476,5195329554363,,0,5,59,normal,2092,28
1678279381,20230308,5873954476,3720740234506,,0,7,70,normal,1129,4
1678280849,20230308,5873954476,3982643681040,,0,3,95,normal,1160,22
1678282517,20230308,5873954476,4544765719256,,0,3,112,normal,1243,14
1678284176,20230308,5873954476,4848121194234,,0,4,112,normal,1433,25
1678285989,20230308,5873954476,4016435012941,,0,5,76,normal,2044,2
