data/history/5873954476.csv
time,date,itemid,price,discount,price_before_discount,stock,sold,item_status,cmt_count,liked_count
1639530635,20211215,5873954476,2590000000000,11%,2899000000000,0,34,sold_out,653,4418
1639617020,20211216,5873954476,2590000000000,11%,2899000000000,0,34,sold_out,653,4417
1640049307,20211221,5873954476,2590000000000,11%,2899000000000,0,158,sold_out,666,4457
1640135670,20211222,5873954476,2590000000000,11%,2899000000000,0,158,sold_out,668,4457
1645722992,20220224,5873954476,2360000000000,19%,2899000000000,0,50,sold_out,712,5152
1646241156,20220302,5873954476,2350000000000,19%,2899000000000,0,139,sold_out,732,5283
1646273448,20220303,5873954476,2350000000000,19%,2899000000000,0,139,sold_out,733,5298
1646284250,20220303,5873954476,2350000000000,19%,2899000000000,0,139,sold_out,734,5309
1647278052,20220314,5873954476,2350000000000,19%,2899000000000,0,139,sold_out,777,5523
1647279696,20220314,5873954476,2350000000000,19%,2899000000000,0,139,sold_out,777,5522
1647310378,20220315,5873954476,2350000000000,19%,2899000000000,0,139,sold_out,778,5526
1647332097,20220315,5873954476,2350000000000,19%,2899000000000,0,139,sold_out,779,5540
1649005943,20220403,5873954476,2299000000000,21%,2899000000000,0,363,sold_out,836,5820
1649007420,20220403,5873954476,2299000000000,21%,2899000000000,0,363,sold_out,837,5832
1654146780,20220602,5873954476,2290000000000,21%,2899000000000,0,274,sold_out,971,6450
1665358734,20221009,5873954476,2260000000000,22%,2899000000000,0,3,sold_out,1093,7690
1677578579,20230228,5873954476,3053150502163,33%,4564767047845,0,80,sold_out,1479,16
1677580486,20230228,5873954476,1939000000000,33%,2899000000000,0,36,sold_out,1103,7832
1677582162,20230228,5873954476,3130293509205,33%,4680103601437,0,91,sold_out,1368,9
1677583932,20230228,5873954476,2767036596943,33%,4136997985837,0,89,sold_out,1304,28
1677585829,20230228,5873954476,3142758558075,33%,4698740103074,0,41,sold_out,1625,18
1677589657,20230228,5873954476,2291792105472,33%,3426459677031,0,100,sold_out,1247,47
1677591341,20230228,5873954476,2275500613987,33%,3402102258870,0,90,sold_out,2117,2
1677592970,20230228,5873954476,3028967567630,33%,4528611128705,0,38,sold_out,1788,12
1677594783,20230228,5873954476,2191657196439,33%,3276747917730,0,67,sold_out,2113,29
1677596568,20230228,5873954476,2385612384887,33%,3566730430009,0,60,sold_out,2180,16
1677598402,20230228,5873954476,2537815640593,33%,3794289603961,0,49,sold_out,2021,10
1677600178,20230228,5873954476,2649474369407,33%,3961230632755,0,49,sold_out,1425,23
1677602293,20230228,5873954476,3152126633870,33%,4712746318510,0,61,sold_out,1604,15
1677603774,20230228,5873954476,4068737831867,,0,0,60,sold_out,2104,18
1677605564,20230228,5873954476,3998609376101,,0,0,48,sold_out,1874,20
1677607378,20230228,5873954476,4900529590554,,0,0,105,sold_out,1437,28
1677609315,20230228,5873954476,5155444331173,,0,0,64,sold_out,1330,19
1677610981,20230228,5873954476,4050212448203,,0,0,107,sold_out,1442,41
1677612729,20230228,5873954476,5091451020466,,0,0,60,sold_out,1388,23
1677614571,20230228,5873954476,3210883136228,,0,0,76,sold_out,1566,22
1677616368,20230228,5873954476,4031759925796,,0,0,36,sold_out,1121,1
1677618168,20230228,5873954476,4759257308562,,0,0,74,sold_out,1321,24
1677619928,20230228,5873954476,4858764392630,,0,0,60,sold_out,1367,23
1677621771,20230228,5873954476,4345529765173,,0,0,86,sold_out,1275,16
1677623601,20230228,5873954476,4305368703777,,0,0,44,sold_out,1751,2
1677625380,20230228,5873954476,3849235408779,,0,0,53,sold_out,1590,16
1677627127,20230228,5873954476,4812062901957,,0,0,102,sold_out,1266,3
1677629495,20230301,5873954476,4997181555729,,0,0,82,sold_out,1122,12
1677631630,20230301,5873954476,5136715490034,,0,0,42,sold_out,1345,10
1677634245,20230301,5873954476,4797397248267,,0,0,84,sold_out,1157,9
1677637890,20230301,5873954476,3349018237581,,0,0,45,sold_out,1769,21
1677640460,20230301,5873954476,3318362545384,26%,4476469529580,0,69,sold_out,1674,21
1677641889,20230301,5873954476,3861218353854,26%,5208781762598,0,86,sold_out,2140,9
1677643380,20230301,5873954476,3527992392596,26%,4759260095922,0,49,sold_out,2011,16
1677645336,20230301,5873954476,3641011728887,26%,4911723127987,0,94,sold_out,1374,11
1677646966,20230301,5873954476,3514498811730,26%,4741057261612,0,59,sold_out,2007,6
1677648764,20230301,5873954476,2631367796501,26%,3549713933018,0,55,sold_out,2088,1
1677652564,20230301,5873954476,2770094953846,26%,3736856803723,0,41,sold_out,1862,5
1677654167,20230301,5873954476,3774492254883,26%,5091788295443,0,103,sold_out,2005,39
1677655931,20230301,5873954476,2613431066700,26%,3525517292863,0,55,sold_out,1868,2
1677657787,20230301,5873954476,2562769560291,26%,3457174944292,0,69,sold_out,1509,7
1677659753,20230301,5873954476,2457103723667,26%,3314631779856,0,102,sold_out,1324,6
1677661383,20230301,5873954476,2968830728483,26%,4004951271230,0,92,sold_out,1960,24
1677663158,20230301,5873954476,2645151865986,26%,3568308636339,0,66,sold_out,1970,7
1677664978,20230301,5873954476,3707291208379,26%,5001134114980,0,79,sold_out,2032,4
1677666894,20230301,5873954476,3020611225205,26%,4074803137213,0,43,sold_out,1345,18
1677668564,20230301,5873954476,3725689890530,26%,5025953928640,0,74,sold_out,2069,24
1677670327,20230301,5873954476,2397654403089,26%,3234434674060,0,94,sold_out,2109,41
1677672234,20230301,5873954476,2373944322100,26%,3202449785839,0,94,sold_out,2051,14
1677674598,20230301,5873954476,3572147889646,26%,4818825840896,0,98,sold_out,1250,27
1677677741,20230301,5873954476,3201702293130,,0,0,83,sold_out,1128,26
1677679364,20230301,5873954476,4610782532661,,0,0,40,sold_out,1207,19
1677681187,20230301,5873954476,4524228555928,,0,0,61,sold_out,1308,22
1677682980,20230301,5873954476,4301363573020,,0,0,79,sold_out,1351,8
1677684823,20230301,5873954476,3982407498575,,0,0,74,sold_out,1494,18
1677686577,20230301,5873954476,3914415630721,,0,0,65,sold_out,2091,20
1677688719,20230301,5873954476,3900365449975,,0,0,63,sold_out,2199,18
1677690182,20230301,5873954476,4320590645004,,0,0,72,sold_out,1961,7
1677691999,20230301,5873954476,4986892849974,,0,0,66,sold_out,1455,29
1677693770,20230301,5873954476,3697306288864,,0,0,54,sold_out,1633,1
1677695722,20230301,5873954476,3833263452398,,0,0,41,sold_out,1179,14
1677697361,20230301,5873954476,3848026838212,,0,0,86,sold_out,1953,13
1677699135,20230301,5873954476,3972398782119,,0,0,72,sold_out,1117,33
1677700979,20230301,5873954476,4348780585031,,0,0,96,sold_out,1463,13
1677702768,20230301,5873954476,4729071864828,,0,0,99,sold_out,1716,11
1677704572,20230301,5873954476,4476469529580,,0,0,71,sold_out,1674,22
1677706332,20230301,5873954476,4050212448203,,0,0,110,sold_out,1442,42
1677708160,20230301,5873954476,3854838679063,,0,0,81,sold_out,2095,30
1677709970,20230301,5873954476,4313199237522,,0,0,46,sold_out,1868,16
1677711781,20230301,5873954476,3968769679620,,0,0,87,sold_out,1576,18
1677713542,20230301,5873954476,5138622043286,,0,0,75,sold_out,1141,9
1677715852,20230302,5873954476,4862046665595,,0,0,78,sold_out,1491,24
1677718029,20230302,5873954476,3266597490733,,0,0,47,sold_out,1800,5
1677720644,20230302,5873954476,4323491922056,,0,0,71,sold_out,2119,25
1677724197,20230302,5873954476,3704192288140,,0,0,51,sold_out,1238,9
1677725520,20230302,5873954476,4427678607923,,0,0,39,sold_out,1464,11
1677726607,20230302,5873954476,3660328818520,,0,0,61,sold_out,1703,17
1677728182,20230302,5873954476,4369999856359,,0,0,91,sold_out,2180,9
1677729776,20230302,5873954476,3978885433179,,0,0,49,sold_out,2133,9
1677731734,20230302,5873954476,4888307724220,,0,0,49,sold_out,1159,9
1677733370,20230302,5873954476,3203428182324,,0,0,100,sold_out,1662,18
1677735150,20230302,5873954476,4264782178139,,0,0,59,sold_out,1360,21
1677736982,20230302,5873954476,4255063495547,,0,0,53,sold_out,1229,6
1677738931,20230302,5873954476,3667219160135,,0,0,77,sold_out,1773,10
1677740563,20230302,5873954476,4708189775324,,0,0,62,sold_out,2144,2
1677742330,20230302,5873954476,4183370935069,,0,0,74,sold_out,1722,14
1677744192,20230302,5873954476,4898407281413,,0,0,66,sold_out,1125,7
1677746155,20230302,5873954476,3711372668306,,0,0,97,sold_out,1798,38
1677747763,20230302,5873954476,4476469529580,,0,0,71,sold_out,1674,22
1677749538,20230302,5873954476,5025953928640,,0,0,76,sold_out,2069,25
1677751383,20230302,5873954476,4954710460764,,0,0,96,sold_out,1240,43
1677753265,20230302,5873954476,4206852646143,,0,0,80,sold_out,1825,13
1677754970,20230302,5873954476,3405047871435,,0,0,62,sold_out,1104,15
1677756727,20230302,5873954476,3455713606301,,0,0,64,sold_out,1454,20
1677758626,20230302,5873954476,4502379614386,,0,0,51,sold_out,2011,8
1677760958,20230302,5873954476,3607371539667,,0,0,92,sold_out,1733,30
1677762462,20230302,5873954476,3734892024024,,0,0,80,sold_out,1513,20
1677764284,20230302,5873954476,4724541724901,,0,0,40,sold_out,1996,7
1677765770,20230302,5873954476,5202552545393,,0,0,42,sold_out,1644,15
1677767580,20230302,5873954476,4868493387401,,0,0,71,sold_out,1759,13
1677769368,20230302,5873954476,3764835655484,,0,0,87,sold_out,1172,4
1677771226,20230302,5873954476,4403443287322,,0,0,92,sold_out,1764,43
1677772991,20230302,5873954476,4163093519316,,0,0,107,sold_out,2130,37
1677775104,20230302,5873954476,4590958787334,,0,0,93,sold_out,1771,31
1677776577,20230302,5873954476,3950466871933,,0,0,47,sold_out,1111,21
1677778380,20230302,5873954476,4149239249651,,0,0,80,sold_out,1386,32
1677780182,20230302,5873954476,5141839033097,,0,0,106,sold_out,1704,44
1677828735,20230303,5873954476,3188271128248,33%,4766785972559,0,109,sold_out,1243,34
1677832489,20230303,5873954476,2956817113183,33%,4420738943331,0,65,sold_out,1833,16
1677834172,20230303,5873954476,3313846501295,33%,4954533784041,0,84,sold_out,1168,32
1677835937,20230303,5873954476,2443869769308,33%,3653831078506,0,81,sold_out,1317,11
1677837767,20230303,5873954476,2712457886791,33%,4055397325327,0,57,sold_out,1998,16
1677839658,20230303,5873954476,2361042607664,33%,3529996142144,0,68,sold_out,1882,12
1677841364,20230303,5873954476,2482105957060,33%,3710998024505,0,116,sold_out,1567,4
1677843127,20230303,5873954476,2884889038135,33%,4313199237522,0,48,sold_out,1868,17
1677845025,20230303,5873954476,2894336368612,33%,4327323946677,0,104,sold_out,1837,11
1677897895,20230304,5873954476,4801418215343,,0,0,50,sold_out,1256,23
